Microchip MPLAB XC8 Compiler V1.44 ()

Linker command line:

-W-3 --edf=C:\Program Files (x86)\Microchip\xc8\v1.44\dat\en_msgs.txt -cs \
  -h+dist/default/debug\MyMidiPad-master.debug.sym \
  --cmf=dist/default/debug\MyMidiPad-master.debug.cmf -z -Q18F4520 \
  -oC:\Users\user\AppData\Local\Temp\s788.2 \
  -Mdist/default/debug/MyMidiPad-master.debug.map -E1 -ver=XC8 \
  -ASTACK=0180h-05eeh -pstack=STACK -ACODE=00h-07CFFh -ACONST=00h-07CFFh \
  -ASMALLCONST=0600h-06FFhx119 -AMEDIUMCONST=0600h-07CFFh -ACOMRAM=01h-07Fh \
  -AABS1=00h-05EEh -ABIGRAM=01h-05EEh \
  -ARAM=080h-0FFh,0100h-01FFhx4,0500h-05EEh -ABANK0=080h-0FFh \
  -ABANK1=0100h-01FFh -ABANK2=0200h-02FFh -ABANK3=0300h-03FFh \
  -ABANK4=0400h-04FFh -ABANK5=0500h-05EEh \
  -ASFR=0F80h-0F9Bh,0F9Dh-0FD3h,0FD5h-0FDAh,0FE0h-0FE2h,0FE8h-0FEAh,0FF0h-0FFBh \
  -preset_vec=00h,intcode,intcodelo,powerup,init -pramtop=0600h \
  -psmallconst=SMALLCONST -pmediumconst=MEDIUMCONST -pconst=CONST \
  -AFARRAM=00h-00h -ACONFIG=0300000h-030000Dh -pconfig=CONFIG \
  -AIDLOC=0200000h-0200007h -pidloc=IDLOC -AEEDATA=0F00000h-0F000FFh \
  -peeprom_data=EEDATA \
  -prdata=COMRAM,nvrram=COMRAM,nvbit=COMRAM,rbss=COMRAM,rbit=COMRAM \
  -pfarbss=FARRAM,fardata=FARRAM,nvFARRAM=FARRAM \
  -pintsave_regs=BIGRAM,bigbss=BIGRAM,bigdata=BIGRAM -pbss=RAM \
  -pidata=CODE,irdata=CODE,ibigdata=CODE,ifardata=CODE -prparam=COMRAM \
  C:\Users\user\AppData\Local\Temp\s788.obj \
  dist/default/debug\MyMidiPad-master.debug.obj 

Object code version is 3.11

Machine type is 18F4520

Call graph: (short form)




                Name                               Link     Load   Length Selector   Space Scale
C:\Users\user\AppData\Local\Temp\s788.obj
                init                                  2        2        4        0       0
                reset_vec                             0        0        2        0       0
                idloc                            200000   200000        8   200000       0
                config                           300000   300000        E   300000       0
dist/default/debug\MyMidiPad-master.debug.obj
                mediumconst                        76AC     76AC      654     3B56       0
                text28                             434E     434E        4     21A7       0
                text27                             43A2     43A2       1E     21D1       0
                text26                             4372     4372       14     21B9       0
                text25                             43E2     43E2       26     21F1       0
                text24                             475E     475E       B6     23AF       0
                text23                             46B0     46B0       AE     2358       0
                text22                             4352     4352        4     21A9       0
                text21                             4356     4356        4     21AB       0
                text20                             4360     4360       12     21B0       0
                text19                             450E     450E       5E     2287       0
                text18                             4408     4408       2E     2204       0
                text17                             4814     4814      134     240A       0
                text16                             5274     5274      3DA     293A       0
                text15                             4948     4948      164     24A4       0
                text14                             5FAC     5FAC      6FC     2FD6       0
                text13                             66A8     66A8      76C     3354       0
                text12                             564E     564E      46C     2B27       0
                text11                             4F64     4F64      310     27B2       0
                text10                             4C92     4C92      2D2     2649       0
                text9                              5ABA     5ABA      4F2     2D5D       0
                text8                              456C     456C       A2     22B6       0
                text7                              435A     435A        6     21AD       0
                text6                              4386     4386       1C     21C3       0
                text5                              44C0     44C0       4E     2260       0
                text4                              4436     4436       44     221B       0
                text3                              4AAC     4AAC      1E6     2556       0
                text2                              43C0     43C0       22     21E0       0
                text1                              460E     460E       A2     2307       0
                text0                              6E14     6E14      898     370A       0
                cstackCOMRAM                         43       43       39        1       1
                bssBANK1                            100      100       80      100       1
                bssBANK0                             80       80       74       80       1
                dataCOMRAM                           7C       7C        2        1       1
                bssCOMRAM                             1        1       42        1       1
                cinit                              447A     447A       46     223D       0
                idataCOMRAM                        434C     434C        2     434C       0

TOTAL           Name                               Link     Load   Length     Space
        CLASS   STACK          

        CLASS   CODE           
                init                                  2        2        4         0
                reset_vec                             0        0        2         0
                text28                             434E     434E        4         0
                text27                             43A2     43A2       1E         0
                text26                             4372     4372       14         0
                text25                             43E2     43E2       26         0
                text24                             475E     475E       B6         0
                text23                             46B0     46B0       AE         0
                text22                             4352     4352        4         0
                text21                             4356     4356        4         0
                text20                             4360     4360       12         0
                text19                             450E     450E       5E         0
                text18                             4408     4408       2E         0
                text17                             4814     4814      134         0
                text16                             5274     5274      3DA         0
                text15                             4948     4948      164         0
                text14                             5FAC     5FAC      6FC         0
                text13                             66A8     66A8      76C         0
                text12                             564E     564E      46C         0
                text11                             4F64     4F64      310         0
                text10                             4C92     4C92      2D2         0
                text9                              5ABA     5ABA      4F2         0
                text8                              456C     456C       A2         0
                text7                              435A     435A        6         0
                text6                              4386     4386       1C         0
                text5                              44C0     44C0       4E         0
                text4                              4436     4436       44         0
                text3                              4AAC     4AAC      1E6         0
                text2                              43C0     43C0       22         0
                text1                              460E     460E       A2         0
                text0                              6E14     6E14      898         0
                cinit                              447A     447A       46         0
                idataCOMRAM                        434C     434C        2         0

        CLASS   CONST          

        CLASS   SMALLCONST     

        CLASS   MEDIUMCONST    
                mediumconst                        76AC     76AC      654         0

        CLASS   COMRAM         
                cstackCOMRAM                         43       43       39         1
                dataCOMRAM                           7C       7C        2         1
                bssCOMRAM                             1        1       42         1

        CLASS   ABS1           

        CLASS   BIGRAM         

        CLASS   RAM            

        CLASS   BANK0          
                bssBANK0                             80       80       74         1

        CLASS   BANK1          
                bssBANK1                            100      100       80         1

        CLASS   BANK2          

        CLASS   BANK3          

        CLASS   BANK4          

        CLASS   BANK5          

        CLASS   SFR            

        CLASS   FARRAM         

        CLASS   CONFIG         
                config                           300000   300000        E         0

        CLASS   IDLOC          
                idloc                            200000   200000        8         0

        CLASS   EEDATA         



SEGMENTS        Name                           Load    Length   Top    Selector   Space  Class

                reset_vec                      000000  000006  000006         0       0  CODE    
                bssCOMRAM                      000001  00007D  00007E         1       1  COMRAM  
                bssBANK0                       000080  000074  0000F4        80       1  BANK0   
                bssBANK1                       000100  000080  000180       100       1  BANK1   
                idataCOMRAM                    00434C  000002  00434E      434C       0  CODE    
                text28                         00434E  000004  004352      21A7       0  CODE    
                text22                         004352  000004  004356      21A9       0  CODE    
                text21                         004356  000004  00435A      21AB       0  CODE    
                text7                          00435A  000006  004360      21AD       0  CODE    
                text20                         004360  000012  004372      21B0       0  CODE    
                text26                         004372  000014  004386      21B9       0  CODE    
                text6                          004386  00001C  0043A2      21C3       0  CODE    
                text27                         0043A2  00001E  0043C0      21D1       0  CODE    
                text2                          0043C0  000022  0043E2      21E0       0  CODE    
                text25                         0043E2  000026  004408      21F1       0  CODE    
                text18                         004408  00002E  004436      2204       0  CODE    
                text4                          004436  000044  00447A      221B       0  CODE    
                cinit                          00447A  000046  0044C0      223D       0  CODE    
                text5                          0044C0  00004E  00450E      2260       0  CODE    
                text19                         00450E  00005E  00456C      2287       0  CODE    
                text8                          00456C  0000A2  00460E      22B6       0  CODE    
                text1                          00460E  0000A2  0046B0      2307       0  CODE    
                text23                         0046B0  0000AE  00475E      2358       0  CODE    
                text24                         00475E  0000B6  004814      23AF       0  CODE    
                text17                         004814  000134  004948      240A       0  CODE    
                text15                         004948  000164  004AAC      24A4       0  CODE    
                text3                          004AAC  0001E6  004C92      2556       0  CODE    
                text10                         004C92  0002D2  004F64      2649       0  CODE    
                text11                         004F64  000310  005274      27B2       0  CODE    
                text16                         005274  0003DA  00564E      293A       0  CODE    
                text12                         00564E  00046C  005ABA      2B27       0  CODE    
                text9                          005ABA  0004F2  005FAC      2D5D       0  CODE    
                text14                         005FAC  0006FC  0066A8      2FD6       0  CODE    
                text13                         0066A8  00076C  006E14      3354       0  CODE    
                text0                          006E14  000898  0076AC      370A       0  CODE    
                mediumconst                    0076AC  000654  007D00      3B56       0  MEDIUMCO
                idloc                          200000  000008  200008    200000       0  IDLOC   
                config                         300000  00000E  30000E    300000       0  CONFIG  


UNUSED ADDRESS RANGES

        Name                Unused          Largest block    Delta
        BANK0            0000F4-0000FF                C
        BANK1            000180-0001FF               80
        BANK2            000200-0002FF              100
        BANK3            000300-0003FF              100
        BANK4            000400-0004FF              100
        BANK5            000500-0005EE               EF
        BIGRAM           00007E-00007F                2
                         0000F4-0000FF                C
                         000180-0005EE              46F
        CODE             000006-00434B             4346
        COMRAM           00007E-00007F                2
        CONST            000006-00434B             4346
        EEDATA           F00000-F000FF              100
        MEDIUMCONST      000600-00434B             3D4C
        RAM              0000F4-0000FF                C
                         000180-0005EE              100
        SFR              000F80-000F9B               1C
                         000F9D-000FD3               37
                         000FD5-000FDA                6
                         000FE0-000FE2                3
                         000FE8-000FEA                3
                         000FF0-000FFB                C
        SMALLCONST       000600-00434B              100
        STACK            000180-0005EE              46F

                                  Symbol Table

?___wmul                  cstackCOMRAM 000043
MyOpenI2C@slew            cstackCOMRAM 000043
MyOpenI2C@sync_mode       cstackCOMRAM 000044
MyWriteI2C@data_out       cstackCOMRAM 000044
MygetsI2C@length          cstackCOMRAM 00004B
MygetsI2C@rdptr           cstackCOMRAM 000049
_BAUDCONbits              (abs)        000FB8
_Buttons                  mediumconst  007BF9
_MyCloseI2C               text28       00434E
_MyIdleI2C                text20       004360
_MyNotAckI2C              text7        00435A
_MyOpenI2C                text27       0043A2
_MyReadI2C                text6        004386
_MyStartI2C               text22       004352
_MyStopI2C                text21       004356
_MyWriteI2C               text19       00450E
_MygetsI2C                text5        0044C0
_Myusartinit              text26       004372
_OSCCONbits               (abs)        000FD3
_PIR1bits                 (abs)        000F9E
_PIR2bits                 (abs)        000FA1
_RCSTAbits                (abs)        000FAB
_SPBRG                    (abs)        000FAF
_SSPADD                   (abs)        000FC8
_SSPBUF                   (abs)        000FC9
_SSPCON1                  (abs)        000FC6
_SSPCON1bits              (abs)        000FC6
_SSPCON2                  (abs)        000FC5
_SSPCON2bits              (abs)        000FC5
_SSPSTAT                  (abs)        000FC7
_SSPSTATbits              (abs)        000FC7
_TRISCbits                (abs)        000F94
_TRMT                     (abs)        007D61
_TXREG                    (abs)        000FAD
_TXSTAbits                (abs)        000FAC
__CFG_BOREN$SBORDIS       (abs)        000000
__CFG_BORV$3              (abs)        000000
__CFG_CCP2MX$PORTC        (abs)        000000
__CFG_CP0$OFF             (abs)        000000
__CFG_CP1$OFF             (abs)        000000
__CFG_CP2$OFF             (abs)        000000
__CFG_CP3$OFF             (abs)        000000
__CFG_CPB$OFF             (abs)        000000
__CFG_CPD$OFF             (abs)        000000
__CFG_EBTR0$OFF           (abs)        000000
__CFG_EBTR1$OFF           (abs)        000000
__CFG_EBTR2$OFF           (abs)        000000
__CFG_EBTR3$OFF           (abs)        000000
__CFG_EBTRB$OFF           (abs)        000000
__CFG_FCMEN$OFF           (abs)        000000
__CFG_IESO$ON             (abs)        000000
__CFG_LPT1OSC$OFF         (abs)        000000
__CFG_LVP$OFF             (abs)        000000
__CFG_MCLRE$ON            (abs)        000000
__CFG_OSC$INTIO67         (abs)        000000
__CFG_PBADEN$ON           (abs)        000000
__CFG_PWRT$OFF            (abs)        000000
__CFG_STVREN$ON           (abs)        000000
__CFG_WDT$OFF             (abs)        000000
__CFG_WDTPS$1             (abs)        000000
__CFG_WRT0$OFF            (abs)        000000
__CFG_WRT1$OFF            (abs)        000000
__CFG_WRT2$OFF            (abs)        000000
__CFG_WRT3$OFF            (abs)        000000
__CFG_WRTB$OFF            (abs)        000000
__CFG_WRTC$OFF            (abs)        000000
__CFG_WRTD$OFF            (abs)        000000
__CFG_XINST$OFF           (abs)        000000
__HRAM                    (abs)        000000
__Habs1                   abs1         000000
__Hbank0                  bank0        000000
__Hbank1                  bank1        000000
__Hbank2                  bank2        000000
__Hbank3                  bank3        000000
__Hbank4                  bank4        000000
__Hbank5                  bank5        000000
__Hbigbss                 bigbss       000000
__Hbigdata                bigdata      000000
__Hbigram                 bigram       000000
__Hbss                    bss          000000
__HbssBANK0               bssBANK0     000000
__HbssBANK1               bssBANK1     000000
__HbssCOMRAM              bssCOMRAM    000000
__Hcinit                  cinit        000000
__Hclrtext                clrtext      000000
__Hcomram                 comram       000000
__Hconfig                 config       30000E
__Hconst                  const        000000
__HcstackCOMRAM           cstackCOMRAM 000000
__Hdata                   data         000000
__HdataCOMRAM             dataCOMRAM   000000
__Heeprom_data            eeprom_data  000000
__Hfarbss                 farbss       000000
__Hfardata                fardata      000000
__Hibigdata               ibigdata     000000
__Hidata                  idata        000000
__HidataCOMRAM            idataCOMRAM  000000
__Hidloc                  idloc        200008
__Hifardata               ifardata     000000
__Hinit                   init         000006
__Hintcode                intcode      000002
__Hintcode_body           intcode_body 000000
__Hintcodelo              intcodelo    000002
__Hintentry               intentry     000000
__Hintret                 intret       000000
__Hintsave_regs           intsave_regs 000000
__Hirdata                 irdata       000000
__Hmediumconst            mediumconst  007D00
__HnvFARRAM               nvFARRAM     000000
__Hnvbit                  nvbit        000000
__Hnvrram                 nvrram       000000
__Hparam                  rparam       000000
__Hpowerup                powerup      000002
__Hram                    ram          000000
__Hramtop                 ramtop       000600
__Hrbit                   rbit         000000
__Hrbss                   rbss         000000
__Hrdata                  rdata        000000
__Hreset_vec              reset_vec    000002
__Hrparam                 rparam       000000
__Hsfr                    sfr          000000
__Hsmallconst             smallconst   000000
__Hspace_0                (abs)        30000E
__Hspace_1                (abs)        000180
__Hspace_2                (abs)        000000
__Hstack                  stack        000000
__Hstruct                 struct       000000
__Htemp                   temp         000000
__Htext                   text         000000
__Htext0                  text0        000000
__Htext1                  text1        000000
__Htext10                 text10       000000
__Htext11                 text11       000000
__Htext12                 text12       000000
__Htext13                 text13       000000
__Htext14                 text14       000000
__Htext15                 text15       000000
__Htext16                 text16       000000
__Htext17                 text17       000000
__Htext18                 text18       000000
__Htext19                 text19       000000
__Htext2                  text2        000000
__Htext20                 text20       000000
__Htext21                 text21       000000
__Htext22                 text22       000000
__Htext23                 text23       000000
__Htext24                 text24       000000
__Htext25                 text25       000000
__Htext26                 text26       000000
__Htext27                 text27       000000
__Htext28                 text28       000000
__Htext3                  text3        000000
__Htext4                  text4        000000
__Htext5                  text5        000000
__Htext6                  text6        000000
__Htext7                  text7        000000
__Htext8                  text8        000000
__Htext9                  text9        000000
__LRAM                    (abs)        000001
__Labs1                   abs1         000000
__Lbank0                  bank0        000000
__Lbank1                  bank1        000000
__Lbank2                  bank2        000000
__Lbank3                  bank3        000000
__Lbank4                  bank4        000000
__Lbank5                  bank5        000000
__Lbigbss                 bigbss       000000
__Lbigdata                bigdata      000000
__Lbigram                 bigram       000000
__Lbss                    bss          000000
__LbssBANK0               bssBANK0     000000
__LbssBANK1               bssBANK1     000000
__LbssCOMRAM              bssCOMRAM    000000
__Lcinit                  cinit        000000
__Lclrtext                clrtext      000000
__Lcomram                 comram       000000
__Lconfig                 config       300000
__Lconst                  const        000000
__LcstackCOMRAM           cstackCOMRAM 000000
__Ldata                   data         000000
__LdataCOMRAM             dataCOMRAM   000000
__Leeprom_data            eeprom_data  000000
__Lfarbss                 farbss       000000
__Lfardata                fardata      000000
__Libigdata               ibigdata     000000
__Lidata                  idata        000000
__LidataCOMRAM            idataCOMRAM  000000
__Lidloc                  idloc        200000
__Lifardata               ifardata     000000
__Linit                   init         000002
__Lintcode                intcode      000002
__Lintcode_body           intcode_body 000000
__Lintcodelo              intcodelo    000002
__Lintentry               intentry     000000
__Lintret                 intret       000000
__Lintsave_regs           intsave_regs 000000
__Lirdata                 irdata       000000
__Lmediumconst            mediumconst  0076AC
__LnvFARRAM               nvFARRAM     000000
__Lnvbit                  nvbit        000000
__Lnvrram                 nvrram       000000
__Lparam                  rparam       000000
__Lpowerup                powerup      000002
__Lram                    ram          000000
__Lramtop                 ramtop       000600
__Lrbit                   rbit         000000
__Lrbss                   rbss         000000
__Lrdata                  rdata        000000
__Lreset_vec              reset_vec    000000
__Lrparam                 rparam       000000
__Lsfr                    sfr          000000
__Lsmallconst             smallconst   000000
__Lspace_0                (abs)        000000
__Lspace_1                (abs)        000000
__Lspace_2                (abs)        000000
__Lstack                  stack        000000
__Lstruct                 struct       000000
__Ltemp                   temp         000000
__Ltext                   text         000000
__Ltext0                  text0        000000
__Ltext1                  text1        000000
__Ltext10                 text10       000000
__Ltext11                 text11       000000
__Ltext12                 text12       000000
__Ltext13                 text13       000000
__Ltext14                 text14       000000
__Ltext15                 text15       000000
__Ltext16                 text16       000000
__Ltext17                 text17       000000
__Ltext18                 text18       000000
__Ltext19                 text19       000000
__Ltext2                  text2        000000
__Ltext20                 text20       000000
__Ltext21                 text21       000000
__Ltext22                 text22       000000
__Ltext23                 text23       000000
__Ltext24                 text24       000000
__Ltext25                 text25       000000
__Ltext26                 text26       000000
__Ltext27                 text27       000000
__Ltext28                 text28       000000
__Ltext3                  text3        000000
__Ltext4                  text4        000000
__Ltext5                  text5        000000
__Ltext6                  text6        000000
__Ltext7                  text7        000000
__Ltext8                  text8        000000
__Ltext9                  text9        000000
__S0                      (abs)        30000E
__S1                      (abs)        000180
__S2                      (abs)        000000
___inthi_sp               stack        000000
___intlo_sp               stack        000000
___param_bank             (abs)        000000
___rparam_used            (abs)        000001
___sp                     stack        000000
___wmul                   text25       0043E2
___wmul@multiplicand      cstackCOMRAM 000045
___wmul@multiplier        cstackCOMRAM 000043
___wmul@product           cstackCOMRAM 000047
__accesstop               (abs)        000080
__activetblptr            (abs)        000002
__end_of_Buttons          mediumconst  007C39
__end_of_MyCloseI2C       text28       004352
__end_of_MyIdleI2C        text20       004372
__end_of_MyNotAckI2C      text7        004360
__end_of_MyOpenI2C        text27       0043C0
__end_of_MyReadI2C        text6        0043A2
__end_of_MyStartI2C       text22       004356
__end_of_MyStopI2C        text21       00435A
__end_of_MyWriteI2C       text19       00456C
__end_of_MygetsI2C        text5        00450E
__end_of_Myusartinit      text26       004386
__end_of___wmul           text25       004408
__end_of__initialization  cinit        0044B6
__end_of_animation0       text16       00564E
__end_of_animation1       text15       004AAC
__end_of_animation2       text14       0066A8
__end_of_animation3       text13       006E14
__end_of_animation4       text12       005ABA
__end_of_animation5       text11       005274
__end_of_animation6       text10       004F64
__end_of_animation7       text9        005FAC
__end_of_arrow            mediumconst  0077AD
__end_of_buttonLUT        mediumconst  007CEF
__end_of_circle           mediumconst  0079A9
__end_of_clr_led          text24       004814
__end_of_drum_midi        mediumconst  007AF9
__end_of_horizental_flash mediumconst  007CCB
__end_of_i2xy64           mediumconst  007B39
__end_of_is_key_pressed   text8        00460E
__end_of_ledLUT           mediumconst  007CFF
__end_of_main             text0        0076AC
__end_of_memcpy           text4        00447A
__end_of_read_switch      text3        004C92
__end_of_send_note        text2        0043E2
__end_of_set_led          text23       00475E
__end_of_show0_1          mediumconst  007CB3
__end_of_show0_2          mediumconst  007C8B
__end_of_show0_3          mediumconst  0078CD
__end_of_show3_1          mediumconst  007AB9
__end_of_show3_2          mediumconst  007C63
__end_of_show3_3          mediumconst  007CDF
__end_of_show4_1          mediumconst  007BF9
__end_of_show4_2          mediumconst  007A69
__end_of_show4_3          mediumconst  007A09
__end_of_show4_4          mediumconst  007BB9
__end_of_show5            mediumconst  007B79
__end_of_show7_1          mediumconst  007941
__end_of_show7_2          mediumconst  007855
__end_of_was_key_pressed  text1        0046B0
__end_of_write            text18       004436
__end_of_write_display    text17       004948
__initialization          cinit        00447A
__mediumconst             mediumconst  0076AC
__pbssBANK0               bssBANK0     000080
__pbssBANK1               bssBANK1     000100
__pbssCOMRAM              bssCOMRAM    000001
__pcinit                  cinit        00447A
__pcstackCOMRAM           cstackCOMRAM 000043
__pdataCOMRAM             dataCOMRAM   00007C
__pidataCOMRAM            idataCOMRAM  00434C
__pmediumconst            mediumconst  0076AC
__ptext0                  text0        006E14
__ptext1                  text1        00460E
__ptext10                 text10       004C92
__ptext11                 text11       004F64
__ptext12                 text12       00564E
__ptext13                 text13       0066A8
__ptext14                 text14       005FAC
__ptext15                 text15       004948
__ptext16                 text16       005274
__ptext17                 text17       004814
__ptext18                 text18       004408
__ptext19                 text19       00450E
__ptext2                  text2        0043C0
__ptext20                 text20       004360
__ptext21                 text21       004356
__ptext22                 text22       004352
__ptext23                 text23       0046B0
__ptext24                 text24       00475E
__ptext25                 text25       0043E2
__ptext26                 text26       004372
__ptext27                 text27       0043A2
__ptext28                 text28       00434E
__ptext3                  text3        004AAC
__ptext4                  text4        004436
__ptext5                  text5        0044C0
__ptext6                  text6        004386
__ptext7                  text7        00435A
__ptext8                  text8        00456C
__ptext9                  text9        005ABA
__ramtop                  ramtop       000600
__size_of_MyCloseI2C      (abs)        000000
__size_of_MyIdleI2C       (abs)        000000
__size_of_MyNotAckI2C     (abs)        000000
__size_of_MyOpenI2C       (abs)        000000
__size_of_MyReadI2C       (abs)        000000
__size_of_MyStartI2C      (abs)        000000
__size_of_MyStopI2C       (abs)        000000
__size_of_MyWriteI2C      (abs)        000000
__size_of_MygetsI2C       (abs)        000000
__size_of_Myusartinit     (abs)        000000
__size_of___wmul          (abs)        000000
__size_of_animation0      (abs)        000000
__size_of_animation1      (abs)        000000
__size_of_animation2      (abs)        000000
__size_of_animation3      (abs)        000000
__size_of_animation4      (abs)        000000
__size_of_animation5      (abs)        000000
__size_of_animation6      (abs)        000000
__size_of_animation7      (abs)        000000
__size_of_clr_led         (abs)        000000
__size_of_is_key_pressed  (abs)        000000
__size_of_main            (abs)        000000
__size_of_memcpy          (abs)        000000
__size_of_read_switch     (abs)        000000
__size_of_send_note       (abs)        000000
__size_of_set_led         (abs)        000000
__size_of_was_key_pressed (abs)        000000
__size_of_write           (abs)        000000
__size_of_write_display   (abs)        000000
__smallconst              smallconst   000000
_animation0               text16       005274
_animation1               text15       004948
_animation2               text14       005FAC
_animation3               text13       0066A8
_animation4               text12       00564E
_animation5               text11       004F64
_animation6               text10       004C92
_animation7               text9        005ABA
_arrow                    mediumconst  0076AD
_buttonLUT                mediumconst  007CDF
_circle                   mediumconst  007941
_clr_led                  text24       00475E
_count                    bssCOMRAM    000041
_drum_midi                mediumconst  007AB9
_horizental_flash         mediumconst  007CB3
_i2xy64                   mediumconst  007AF9
_is_key_pressed           text8        00456C
_ledLUT                   mediumconst  007CEF
_main                     text0        006E14
_matrices                 bssBANK0     000080
_memcpy                   text4        004436
_play_mode                dataCOMRAM   00007C
_press                    bssBANK1     000100
_read_switch              text3        004AAC
_send_note                text2        0043C0
_set_led                  text23       0046B0
_show0_1                  mediumconst  007C8B
_show0_2                  mediumconst  007C63
_show0_3                  mediumconst  007855
_show3_1                  mediumconst  007A69
_show3_2                  mediumconst  007C39
_show3_3                  mediumconst  007CCB
_show4_1                  mediumconst  007BB9
_show4_2                  mediumconst  007A09
_show4_3                  mediumconst  0079A9
_show4_4                  mediumconst  007B79
_show5                    mediumconst  007B39
_show7_1                  mediumconst  0078CD
_show7_2                  mediumconst  0077AD
_temp                     bssCOMRAM    000001
_was_key_pressed          text1        00460E
_write                    text18       004408
_write_display            text17       004814
animation0@i              cstackCOMRAM 00005F
animation0@j              cstackCOMRAM 00005E
animation0@m              cstackCOMRAM 00005D
animation0@n              cstackCOMRAM 000058
animation0@x              cstackCOMRAM 00005B
animation1@i              cstackCOMRAM 00005E
animation1@j              cstackCOMRAM 00005F
animation1@m              cstackCOMRAM 00005C
animation1@n              cstackCOMRAM 000058
animation1@x              cstackCOMRAM 00005D
animation2@col            cstackCOMRAM 00005E
animation2@h              cstackCOMRAM 000059
animation2@i              cstackCOMRAM 000065
animation2@j              cstackCOMRAM 000067
animation2@m              cstackCOMRAM 000060
animation2@n              cstackCOMRAM 000058
animation2@row            cstackCOMRAM 000061
animation2@x              cstackCOMRAM 000063
animation3@i              cstackCOMRAM 00005D
animation3@j              cstackCOMRAM 00005F
animation3@m              cstackCOMRAM 00005C
animation4@h              cstackCOMRAM 000058
animation4@i              cstackCOMRAM 00005C
animation4@j              cstackCOMRAM 00005D
animation4@m              cstackCOMRAM 00005B
animation5@h              cstackCOMRAM 000059
animation5@i              cstackCOMRAM 00005E
animation5@j              cstackCOMRAM 00005D
animation5@m              cstackCOMRAM 00005C
animation5@n              cstackCOMRAM 000058
animation5@x              cstackCOMRAM 00005F
animation6@a              cstackCOMRAM 00005E
animation6@b              cstackCOMRAM 000060
animation6@c              cstackCOMRAM 000062
animation6@d              cstackCOMRAM 000064
animation6@m              cstackCOMRAM 000066
animation6@n              cstackCOMRAM 000058
animation6@x              cstackCOMRAM 00005D
animation7@h              cstackCOMRAM 00005A
animation7@i              cstackCOMRAM 00005B
animation7@j              cstackCOMRAM 00005D
clr_led@i                 cstackCOMRAM 000057
clr_led@led               cstackCOMRAM 000055
clr_led@matrix            cstackCOMRAM 000053
end_of_initialization     cinit        0044B6
intlevel0                 text         000000
intlevel1                 text         000000
intlevel2                 text         000000
intlevel3                 text         000000
is_key_pressed@k          cstackCOMRAM 000055
is_key_pressed@led        cstackCOMRAM 000053
is_key_pressed@matrix     cstackCOMRAM 000051
main@column               cstackCOMRAM 000075
main@h                    cstackCOMRAM 000079
main@i                    cstackCOMRAM 00007A
main@j                    cstackCOMRAM 000077
main@k                    cstackCOMRAM 000072
main@m                    cstackCOMRAM 000076
main@n                    cstackCOMRAM 000073
main@note                 cstackCOMRAM 000071
main@rightbutton          cstackCOMRAM 000074
main@slew                 cstackCOMRAM 000070
main@sync_mode            cstackCOMRAM 00006F
main@x                    cstackCOMRAM 00006D
main@y                    cstackCOMRAM 00006E
memcpy@d                  cstackCOMRAM 00004F
memcpy@d1                 cstackCOMRAM 000049
memcpy@n                  cstackCOMRAM 00004D
memcpy@s                  cstackCOMRAM 000051
memcpy@s1                 cstackCOMRAM 00004B
memcpy@tmp                cstackCOMRAM 000053
read_switch@i             cstackCOMRAM 00005E
read_switch@j             cstackCOMRAM 000060
send_note@one             cstackCOMRAM 000045
send_note@three           cstackCOMRAM 000044
send_note@two             cstackCOMRAM 000043
set_led@i                 cstackCOMRAM 000055
set_led@led               cstackCOMRAM 000053
set_led@matrix            cstackCOMRAM 000051
stackhi                   (abs)        0005EE
stacklo                   (abs)        000180
start                     init         000002
start_initialization      cinit        00447A
was_key_pressed@k         cstackCOMRAM 000055
was_key_pressed@led       cstackCOMRAM 000053
was_key_pressed@matrix    cstackCOMRAM 000051
write@data                cstackCOMRAM 000045
write@data_out            cstackCOMRAM 000046
write@status              cstackCOMRAM 000047
write_display@i           cstackCOMRAM 000051
write_display@j           cstackCOMRAM 00004F


FUNCTION INFORMATION:

 *************** function _main *****************
 Defined at:
		line 409 in file "newmain.c"
 Parameters:    Size  Location     Type
		None
 Auto vars:     Size  Location     Type
  note            1   46[COMRAM] unsigned char 
  y               1   43[COMRAM] unsigned char 
  x               1   42[COMRAM] unsigned char 
  i               2   55[COMRAM] int 
  j               2   52[COMRAM] int 
  h               1   54[COMRAM] unsigned char 
  m               1   51[COMRAM] unsigned char 
  column          1   50[COMRAM] unsigned char 
  rightbutton     1   49[COMRAM] unsigned char 
  n               1   48[COMRAM] unsigned char 
  k               1   47[COMRAM] unsigned char 
  slew            1   45[COMRAM] unsigned char 
  sync_mode       1   44[COMRAM] unsigned char 
 Return value:  Size  Location     Type
                  1    wreg      void 
 Registers used:
		wreg, fsr1l, fsr1h, fsr2l, fsr2h, status,2, status,0, tblptrl, tblptrh, tblptru, prodl, prodh, cstack
 Tracked objects:
		On entry : 
		On exit  : 
		Unchanged: 
 Data sizes:     COMRAM   BANK0   BANK1   BANK2   BANK3   BANK4   BANK5
      Params:         0       0       0       0       0       0       0
      Locals:        15       0       0       0       0       0       0
      Temps:          4       0       0       0       0       0       0
      Totals:        19       0       0       0       0       0       0
Total ram usage:       19 bytes
 Hardware stack levels required when called:    5
 This function calls:
		_MyCloseI2C
		_MyIdleI2C
		_MyOpenI2C
		_MyStartI2C
		_MyStopI2C
		_Myusartinit
		___wmul
		_animation0
		_animation1
		_animation2
		_animation3
		_animation4
		_animation5
		_animation6
		_animation7
		_clr_led
		_is_key_pressed
		_read_switch
		_send_note
		_set_led
		_was_key_pressed
		_write
		_write_display
 This function is called by:
		Startup code after reset
 This function uses a non-reentrant model


 *************** function _was_key_pressed *****************
 Defined at:
		line 1219 in file "newmain.c"
 Parameters:    Size  Location     Type
  k               1    wreg     unsigned char 
 Auto vars:     Size  Location     Type
  k               1   18[COMRAM] unsigned char 
  led             2   16[COMRAM] int 
  matrix          2   14[COMRAM] int 
 Return value:  Size  Location     Type
                  1    wreg      unsigned char 
 Registers used:
		wreg, fsr2l, fsr2h, status,2, status,0, tblptrl, tblptrh, tblptru, prodl, prodh, cstack
 Tracked objects:
		On entry : 
		On exit  : 
		Unchanged: 
 Data sizes:     COMRAM   BANK0   BANK1   BANK2   BANK3   BANK4   BANK5
      Params:         0       0       0       0       0       0       0
      Locals:         5       0       0       0       0       0       0
      Temps:          8       0       0       0       0       0       0
      Totals:        13       0       0       0       0       0       0
Total ram usage:       13 bytes
 Hardware stack levels used:    1
 Hardware stack levels required when called:    1
 This function calls:
		___wmul
 This function is called by:
		_main
 This function uses a non-reentrant model


 *************** function _send_note *****************
 Defined at:
		line 624 in file "newmain.c"
 Parameters:    Size  Location     Type
  one             1    wreg     unsigned char 
  two             1    0[COMRAM] unsigned char 
  three           1    1[COMRAM] unsigned char 
 Auto vars:     Size  Location     Type
  one             1    2[COMRAM] unsigned char 
 Return value:  Size  Location     Type
                  1    wreg      void 
 Registers used:
		wreg
 Tracked objects:
		On entry : 
		On exit  : 
		Unchanged: 
 Data sizes:     COMRAM   BANK0   BANK1   BANK2   BANK3   BANK4   BANK5
      Params:         2       0       0       0       0       0       0
      Locals:         1       0       0       0       0       0       0
      Temps:          0       0       0       0       0       0       0
      Totals:         3       0       0       0       0       0       0
Total ram usage:        3 bytes
 Hardware stack levels used:    1
 This function calls:
		Nothing
 This function is called by:
		_main
 This function uses a non-reentrant model


 *************** function _read_switch *****************
 Defined at:
		line 1225 in file "newmain.c"
 Parameters:    Size  Location     Type
		None
 Auto vars:     Size  Location     Type
  j               2   29[COMRAM] int 
  i               2   27[COMRAM] int 
 Return value:  Size  Location     Type
                  1    wreg      unsigned char 
 Registers used:
		wreg, fsr1l, fsr1h, fsr2l, fsr2h, status,2, status,0, prodl, prodh, cstack
 Tracked objects:
		On entry : 
		On exit  : 
		Unchanged: 
 Data sizes:     COMRAM   BANK0   BANK1   BANK2   BANK3   BANK4   BANK5
      Params:         0       0       0       0       0       0       0
      Locals:         4       0       0       0       0       0       0
      Temps:         10       0       0       0       0       0       0
      Totals:        14       0       0       0       0       0       0
Total ram usage:       14 bytes
 Hardware stack levels used:    1
 Hardware stack levels required when called:    3
 This function calls:
		_MyIdleI2C
		_MyNotAckI2C
		_MyStartI2C
		_MyStopI2C
		_MygetsI2C
		___wmul
		_memcpy
		_write
 This function is called by:
		_main
 This function uses a non-reentrant model


 *************** function _memcpy *****************
 Defined at:
		line 27 in file "C:\Program Files (x86)\Microchip\xc8\v1.44\sources\common\memcpy.c"
 Parameters:    Size  Location     Type
  d1              2    6[COMRAM] PTR void 
		 -> matrices(116), 
  s1              2    8[COMRAM] PTR const void 
		 -> matrices.keys(6), matrices(116), 
  n               2   10[COMRAM] unsigned int 
 Auto vars:     Size  Location     Type
  s               2   14[COMRAM] PTR const unsigned char 
		 -> matrices.keys(6), matrices(116), 
  d               2   12[COMRAM] PTR unsigned char 
		 -> matrices(116), 
  tmp             1   16[COMRAM] unsigned char 
 Return value:  Size  Location     Type
                  2    6[COMRAM] PTR void 
 Registers used:
		wreg, fsr2l, fsr2h, status,2, status,0
 Tracked objects:
		On entry : 
		On exit  : 
		Unchanged: 
 Data sizes:     COMRAM   BANK0   BANK1   BANK2   BANK3   BANK4   BANK5
      Params:         6       0       0       0       0       0       0
      Locals:         5       0       0       0       0       0       0
      Temps:          0       0       0       0       0       0       0
      Totals:        11       0       0       0       0       0       0
Total ram usage:       11 bytes
 Hardware stack levels used:    1
 This function calls:
		Nothing
 This function is called by:
		_read_switch
 This function uses a non-reentrant model


 *************** function _MygetsI2C *****************
 Defined at:
		line 1328 in file "newmain.c"
 Parameters:    Size  Location     Type
  rdptr           2    6[COMRAM] PTR unsigned char 
		 -> matrices(116), 
  length          1    8[COMRAM] unsigned char 
 Auto vars:     Size  Location     Type
		None
 Return value:  Size  Location     Type
                  1    wreg      char 
 Registers used:
		wreg, fsr2l, fsr2h, status,2, status,0, cstack
 Tracked objects:
		On entry : 
		On exit  : 
		Unchanged: 
 Data sizes:     COMRAM   BANK0   BANK1   BANK2   BANK3   BANK4   BANK5
      Params:         3       0       0       0       0       0       0
      Locals:         0       0       0       0       0       0       0
      Temps:          0       0       0       0       0       0       0
      Totals:         3       0       0       0       0       0       0
Total ram usage:        3 bytes
 Hardware stack levels used:    1
 Hardware stack levels required when called:    1
 This function calls:
		_MyReadI2C
 This function is called by:
		_read_switch
 This function uses a non-reentrant model


 *************** function _MyReadI2C *****************
 Defined at:
		line 1358 in file "newmain.c"
 Parameters:    Size  Location     Type
		None
 Auto vars:     Size  Location     Type
		None
 Return value:  Size  Location     Type
                  1    wreg      unsigned char 
 Registers used:
		wreg, status,2, status,0
 Tracked objects:
		On entry : 
		On exit  : 
		Unchanged: 
 Data sizes:     COMRAM   BANK0   BANK1   BANK2   BANK3   BANK4   BANK5
      Params:         0       0       0       0       0       0       0
      Locals:         0       0       0       0       0       0       0
      Temps:          0       0       0       0       0       0       0
      Totals:         0       0       0       0       0       0       0
Total ram usage:        0 bytes
 Hardware stack levels used:    1
 This function calls:
		Nothing
 This function is called by:
		_MygetsI2C
 This function uses a non-reentrant model


 *************** function _MyNotAckI2C *****************
 Defined at:
		line 1353 in file "newmain.c"
 Parameters:    Size  Location     Type
		None
 Auto vars:     Size  Location     Type
		None
 Return value:  Size  Location     Type
                  1    wreg      void 
 Registers used:
		None
 Tracked objects:
		On entry : 
		On exit  : 
		Unchanged: 
 Data sizes:     COMRAM   BANK0   BANK1   BANK2   BANK3   BANK4   BANK5
      Params:         0       0       0       0       0       0       0
      Locals:         0       0       0       0       0       0       0
      Temps:          0       0       0       0       0       0       0
      Totals:         0       0       0       0       0       0       0
Total ram usage:        0 bytes
 Hardware stack levels used:    1
 This function calls:
		Nothing
 This function is called by:
		_read_switch
 This function uses a non-reentrant model


 *************** function _is_key_pressed *****************
 Defined at:
		line 1213 in file "newmain.c"
 Parameters:    Size  Location     Type
  k               1    wreg     unsigned char 
 Auto vars:     Size  Location     Type
  k               1   18[COMRAM] unsigned char 
  led             2   16[COMRAM] int 
  matrix          2   14[COMRAM] int 
 Return value:  Size  Location     Type
                  1    wreg      unsigned char 
 Registers used:
		wreg, fsr2l, fsr2h, status,2, status,0, tblptrl, tblptrh, tblptru, prodl, prodh, cstack
 Tracked objects:
		On entry : 
		On exit  : 
		Unchanged: 
 Data sizes:     COMRAM   BANK0   BANK1   BANK2   BANK3   BANK4   BANK5
      Params:         0       0       0       0       0       0       0
      Locals:         5       0       0       0       0       0       0
      Temps:          8       0       0       0       0       0       0
      Totals:        13       0       0       0       0       0       0
Total ram usage:       13 bytes
 Hardware stack levels used:    1
 Hardware stack levels required when called:    1
 This function calls:
		___wmul
 This function is called by:
		_main
 This function uses a non-reentrant model


 *************** function _animation7 *****************
 Defined at:
		line 1110 in file "newmain.c"
 Parameters:    Size  Location     Type
  h               1    wreg     unsigned char 
 Auto vars:     Size  Location     Type
  h               1   23[COMRAM] unsigned char 
  j               2   26[COMRAM] int 
  i               2   24[COMRAM] int 
 Return value:  Size  Location     Type
                  1    wreg      void 
 Registers used:
		wreg, fsr2l, fsr2h, status,2, status,0, tblptrl, tblptrh, tblptru, prodl, prodh, cstack
 Tracked objects:
		On entry : 
		On exit  : 
		Unchanged: 
 Data sizes:     COMRAM   BANK0   BANK1   BANK2   BANK3   BANK4   BANK5
      Params:         0       0       0       0       0       0       0
      Locals:         5       0       0       0       0       0       0
      Temps:          2       0       0       0       0       0       0
      Totals:         7       0       0       0       0       0       0
Total ram usage:        7 bytes
 Hardware stack levels used:    1
 Hardware stack levels required when called:    4
 This function calls:
		___wmul
		_clr_led
		_set_led
		_write_display
 This function is called by:
		_main
 This function uses a non-reentrant model


 *************** function _animation6 *****************
 Defined at:
		line 1076 in file "newmain.c"
 Parameters:    Size  Location     Type
  m               1    wreg     unsigned char 
  n               1   21[COMRAM] unsigned char 
 Auto vars:     Size  Location     Type
  m               1   35[COMRAM] unsigned char 
  x               1   26[COMRAM] unsigned char 
  d               2   33[COMRAM] int 
  c               2   31[COMRAM] int 
  b               2   29[COMRAM] int 
  a               2   27[COMRAM] int 
 Return value:  Size  Location     Type
                  1    wreg      void 
 Registers used:
		wreg, fsr2l, fsr2h, status,2, status,0, tblptrl, tblptrh, tblptru, prodl, prodh, cstack
 Tracked objects:
		On entry : 
		On exit  : 
		Unchanged: 
 Data sizes:     COMRAM   BANK0   BANK1   BANK2   BANK3   BANK4   BANK5
      Params:         1       0       0       0       0       0       0
      Locals:        10       0       0       0       0       0       0
      Temps:          4       0       0       0       0       0       0
      Totals:        15       0       0       0       0       0       0
Total ram usage:       15 bytes
 Hardware stack levels used:    1
 Hardware stack levels required when called:    4
 This function calls:
		_clr_led
		_set_led
		_write_display
 This function is called by:
		_main
 This function uses a non-reentrant model


 *************** function _animation5 *****************
 Defined at:
		line 1002 in file "newmain.c"
 Parameters:    Size  Location     Type
  m               1    wreg     unsigned char 
  n               1   21[COMRAM] unsigned char 
  h               1   22[COMRAM] unsigned char 
 Auto vars:     Size  Location     Type
  m               1   25[COMRAM] unsigned char 
  x               1   28[COMRAM] unsigned char 
  i               1   27[COMRAM] unsigned char 
  j               1   26[COMRAM] unsigned char 
 Return value:  Size  Location     Type
                  1    wreg      void 
 Registers used:
		wreg, fsr2l, fsr2h, status,2, status,0, tblptrl, tblptrh, tblptru, prodl, prodh, cstack
 Tracked objects:
		On entry : 
		On exit  : 
		Unchanged: 
 Data sizes:     COMRAM   BANK0   BANK1   BANK2   BANK3   BANK4   BANK5
      Params:         2       0       0       0       0       0       0
      Locals:         4       0       0       0       0       0       0
      Temps:          2       0       0       0       0       0       0
      Totals:         8       0       0       0       0       0       0
Total ram usage:        8 bytes
 Hardware stack levels used:    1
 Hardware stack levels required when called:    4
 This function calls:
		_clr_led
		_set_led
		_write_display
 This function is called by:
		_main
 This function uses a non-reentrant model


 *************** function _animation4 *****************
 Defined at:
		line 914 in file "newmain.c"
 Parameters:    Size  Location     Type
  m               1    wreg     unsigned char 
  h               1   21[COMRAM] unsigned char 
 Auto vars:     Size  Location     Type
  m               1   24[COMRAM] unsigned char 
  j               1   26[COMRAM] unsigned char 
  i               1   25[COMRAM] unsigned char 
 Return value:  Size  Location     Type
                  1    wreg      void 
 Registers used:
		wreg, fsr2l, fsr2h, status,2, status,0, tblptrl, tblptrh, tblptru, prodl, prodh, cstack
 Tracked objects:
		On entry : 
		On exit  : 
		Unchanged: 
 Data sizes:     COMRAM   BANK0   BANK1   BANK2   BANK3   BANK4   BANK5
      Params:         1       0       0       0       0       0       0
      Locals:         3       0       0       0       0       0       0
      Temps:          2       0       0       0       0       0       0
      Totals:         6       0       0       0       0       0       0
Total ram usage:        6 bytes
 Hardware stack levels used:    1
 Hardware stack levels required when called:    4
 This function calls:
		_clr_led
		_set_led
		_write_display
 This function is called by:
		_main
 This function uses a non-reentrant model


 *************** function _animation3 *****************
 Defined at:
		line 818 in file "newmain.c"
 Parameters:    Size  Location     Type
  m               1    wreg     unsigned char 
 Auto vars:     Size  Location     Type
  m               1   25[COMRAM] unsigned char 
  j               2   28[COMRAM] int 
  i               2   26[COMRAM] int 
 Return value:  Size  Location     Type
                  1    wreg      void 
 Registers used:
		wreg, fsr2l, fsr2h, status,2, status,0, tblptrl, tblptrh, tblptru, prodl, prodh, cstack
 Tracked objects:
		On entry : 
		On exit  : 
		Unchanged: 
 Data sizes:     COMRAM   BANK0   BANK1   BANK2   BANK3   BANK4   BANK5
      Params:         0       0       0       0       0       0       0
      Locals:         5       0       0       0       0       0       0
      Temps:          4       0       0       0       0       0       0
      Totals:         9       0       0       0       0       0       0
Total ram usage:        9 bytes
 Hardware stack levels used:    1
 Hardware stack levels required when called:    4
 This function calls:
		___wmul
		_clr_led
		_set_led
		_write_display
 This function is called by:
		_main
 This function uses a non-reentrant model


 *************** function _animation2 *****************
 Defined at:
		line 723 in file "newmain.c"
 Parameters:    Size  Location     Type
  m               1    wreg     unsigned char 
  n               1   21[COMRAM] unsigned char 
  h               1   22[COMRAM] unsigned char 
 Auto vars:     Size  Location     Type
  m               1   29[COMRAM] unsigned char 
  j               2   36[COMRAM] int 
  i               2   34[COMRAM] int 
  x               2   32[COMRAM] int 
  row             2   30[COMRAM] int 
  col             2   27[COMRAM] int 
 Return value:  Size  Location     Type
                  1    wreg      void 
 Registers used:
		wreg, fsr2l, fsr2h, status,2, status,0, tblptrl, tblptrh, tblptru, prodl, prodh, cstack
 Tracked objects:
		On entry : 
		On exit  : 
		Unchanged: 
 Data sizes:     COMRAM   BANK0   BANK1   BANK2   BANK3   BANK4   BANK5
      Params:         2       0       0       0       0       0       0
      Locals:        11       0       0       0       0       0       0
      Temps:          4       0       0       0       0       0       0
      Totals:        17       0       0       0       0       0       0
Total ram usage:       17 bytes
 Hardware stack levels used:    1
 Hardware stack levels required when called:    4
 This function calls:
		___wmul
		_clr_led
		_set_led
		_write_display
 This function is called by:
		_main
 This function uses a non-reentrant model


 *************** function _animation1 *****************
 Defined at:
		line 700 in file "newmain.c"
 Parameters:    Size  Location     Type
  m               1    wreg     unsigned char 
  n               1   21[COMRAM] unsigned char 
 Auto vars:     Size  Location     Type
  m               1   25[COMRAM] unsigned char 
  j               1   28[COMRAM] unsigned char 
  i               1   27[COMRAM] unsigned char 
  x               1   26[COMRAM] unsigned char 
 Return value:  Size  Location     Type
                  1    wreg      void 
 Registers used:
		wreg, fsr2l, fsr2h, status,2, status,0, tblptrl, tblptrh, tblptru, prodl, prodh, cstack
 Tracked objects:
		On entry : 
		On exit  : 
		Unchanged: 
 Data sizes:     COMRAM   BANK0   BANK1   BANK2   BANK3   BANK4   BANK5
      Params:         1       0       0       0       0       0       0
      Locals:         4       0       0       0       0       0       0
      Temps:          3       0       0       0       0       0       0
      Totals:         8       0       0       0       0       0       0
Total ram usage:        8 bytes
 Hardware stack levels used:    1
 Hardware stack levels required when called:    4
 This function calls:
		_clr_led
		_set_led
		_write_display
 This function is called by:
		_main
 This function uses a non-reentrant model


 *************** function _animation0 *****************
 Defined at:
		line 633 in file "newmain.c"
 Parameters:    Size  Location     Type
  m               1    wreg     unsigned char 
  n               1   21[COMRAM] unsigned char 
 Auto vars:     Size  Location     Type
  m               1   26[COMRAM] unsigned char 
  x               2   24[COMRAM] int 
  i               1   28[COMRAM] unsigned char 
  j               1   27[COMRAM] unsigned char 
 Return value:  Size  Location     Type
                  1    wreg      void 
 Registers used:
		wreg, fsr2l, fsr2h, status,2, status,0, tblptrl, tblptrh, tblptru, prodl, prodh, cstack
 Tracked objects:
		On entry : 
		On exit  : 
		Unchanged: 
 Data sizes:     COMRAM   BANK0   BANK1   BANK2   BANK3   BANK4   BANK5
      Params:         1       0       0       0       0       0       0
      Locals:         5       0       0       0       0       0       0
      Temps:          2       0       0       0       0       0       0
      Totals:         8       0       0       0       0       0       0
Total ram usage:        8 bytes
 Hardware stack levels used:    1
 Hardware stack levels required when called:    4
 This function calls:
		_clr_led
		_set_led
		_write_display
 This function is called by:
		_main
 This function uses a non-reentrant model


 *************** function _write_display *****************
 Defined at:
		line 1175 in file "newmain.c"
 Parameters:    Size  Location     Type
		None
 Auto vars:     Size  Location     Type
  i               2   14[COMRAM] int 
  j               2   12[COMRAM] int 
 Return value:  Size  Location     Type
                  1    wreg      void 
 Registers used:
		wreg, fsr2l, fsr2h, status,2, status,0, prodl, prodh, cstack
 Tracked objects:
		On entry : 
		On exit  : 
		Unchanged: 
 Data sizes:     COMRAM   BANK0   BANK1   BANK2   BANK3   BANK4   BANK5
      Params:         0       0       0       0       0       0       0
      Locals:         4       0       0       0       0       0       0
      Temps:          6       0       0       0       0       0       0
      Totals:        10       0       0       0       0       0       0
Total ram usage:       10 bytes
 Hardware stack levels used:    1
 Hardware stack levels required when called:    3
 This function calls:
		_MyIdleI2C
		_MyStartI2C
		_MyStopI2C
		___wmul
		_write
 This function is called by:
		_main
		_animation0
		_animation1
		_animation2
		_animation3
		_animation4
		_animation5
		_animation6
		_animation7
 This function uses a non-reentrant model


 *************** function _write *****************
 Defined at:
		line 1303 in file "newmain.c"
 Parameters:    Size  Location     Type
  data_out        1    wreg     unsigned char 
 Auto vars:     Size  Location     Type
  data_out        1    3[COMRAM] unsigned char 
  status          2    4[COMRAM] int 
  data            1    2[COMRAM] char 
 Return value:  Size  Location     Type
                  1    wreg      void 
 Registers used:
		wreg, status,2, status,0, cstack
 Tracked objects:
		On entry : 
		On exit  : 
		Unchanged: 
 Data sizes:     COMRAM   BANK0   BANK1   BANK2   BANK3   BANK4   BANK5
      Params:         0       0       0       0       0       0       0
      Locals:         4       0       0       0       0       0       0
      Temps:          0       0       0       0       0       0       0
      Totals:         4       0       0       0       0       0       0
Total ram usage:        4 bytes
 Hardware stack levels used:    1
 Hardware stack levels required when called:    2
 This function calls:
		_MyWriteI2C
 This function is called by:
		_main
		_write_display
		_read_switch
 This function uses a non-reentrant model


 *************** function _MyWriteI2C *****************
 Defined at:
		line 1275 in file "newmain.c"
 Parameters:    Size  Location     Type
  data_out        1    wreg     unsigned char 
 Auto vars:     Size  Location     Type
  data_out        1    1[COMRAM] unsigned char 
 Return value:  Size  Location     Type
                  1    wreg      char 
 Registers used:
		wreg, status,2, status,0, cstack
 Tracked objects:
		On entry : 
		On exit  : 
		Unchanged: 
 Data sizes:     COMRAM   BANK0   BANK1   BANK2   BANK3   BANK4   BANK5
      Params:         0       0       0       0       0       0       0
      Locals:         1       0       0       0       0       0       0
      Temps:          0       0       0       0       0       0       0
      Totals:         1       0       0       0       0       0       0
Total ram usage:        1 bytes
 Hardware stack levels used:    1
 Hardware stack levels required when called:    1
 This function calls:
		_MyIdleI2C
 This function is called by:
		_write
 This function uses a non-reentrant model


 *************** function _MyIdleI2C *****************
 Defined at:
		line 1270 in file "newmain.c"
 Parameters:    Size  Location     Type
		None
 Auto vars:     Size  Location     Type
		None
 Return value:  Size  Location     Type
                  1    wreg      void 
 Registers used:
		wreg, status,2, status,0
 Tracked objects:
		On entry : 
		On exit  : 
		Unchanged: 
 Data sizes:     COMRAM   BANK0   BANK1   BANK2   BANK3   BANK4   BANK5
      Params:         0       0       0       0       0       0       0
      Locals:         0       0       0       0       0       0       0
      Temps:          1       0       0       0       0       0       0
      Totals:         1       0       0       0       0       0       0
Total ram usage:        1 bytes
 Hardware stack levels used:    1
 This function calls:
		Nothing
 This function is called by:
		_main
		_write_display
		_read_switch
		_MyWriteI2C
 This function uses a non-reentrant model


 *************** function _MyStopI2C *****************
 Defined at:
		line 1262 in file "newmain.c"
 Parameters:    Size  Location     Type
		None
 Auto vars:     Size  Location     Type
		None
 Return value:  Size  Location     Type
                  1    wreg      void 
 Registers used:
		None
 Tracked objects:
		On entry : 
		On exit  : 
		Unchanged: 
 Data sizes:     COMRAM   BANK0   BANK1   BANK2   BANK3   BANK4   BANK5
      Params:         0       0       0       0       0       0       0
      Locals:         0       0       0       0       0       0       0
      Temps:          0       0       0       0       0       0       0
      Totals:         0       0       0       0       0       0       0
Total ram usage:        0 bytes
 Hardware stack levels used:    1
 This function calls:
		Nothing
 This function is called by:
		_main
		_write_display
		_read_switch
 This function uses a non-reentrant model


 *************** function _MyStartI2C *****************
 Defined at:
		line 1258 in file "newmain.c"
 Parameters:    Size  Location     Type
		None
 Auto vars:     Size  Location     Type
		None
 Return value:  Size  Location     Type
                  1    wreg      void 
 Registers used:
		None
 Tracked objects:
		On entry : 
		On exit  : 
		Unchanged: 
 Data sizes:     COMRAM   BANK0   BANK1   BANK2   BANK3   BANK4   BANK5
      Params:         0       0       0       0       0       0       0
      Locals:         0       0       0       0       0       0       0
      Temps:          0       0       0       0       0       0       0
      Totals:         0       0       0       0       0       0       0
Total ram usage:        0 bytes
 Hardware stack levels used:    1
 This function calls:
		Nothing
 This function is called by:
		_main
		_write_display
		_read_switch
 This function uses a non-reentrant model


 *************** function _set_led *****************
 Defined at:
		line 1201 in file "newmain.c"
 Parameters:    Size  Location     Type
  i               1    wreg     unsigned char 
 Auto vars:     Size  Location     Type
  i               1   18[COMRAM] unsigned char 
  led             2   16[COMRAM] int 
  matrix          2   14[COMRAM] int 
 Return value:  Size  Location     Type
                  1    wreg      void 
 Registers used:
		wreg, fsr2l, fsr2h, status,2, status,0, tblptrl, tblptrh, tblptru, prodl, prodh, cstack
 Tracked objects:
		On entry : 
		On exit  : 
		Unchanged: 
 Data sizes:     COMRAM   BANK0   BANK1   BANK2   BANK3   BANK4   BANK5
      Params:         0       0       0       0       0       0       0
      Locals:         5       0       0       0       0       0       0
      Temps:          8       0       0       0       0       0       0
      Totals:        13       0       0       0       0       0       0
Total ram usage:       13 bytes
 Hardware stack levels used:    1
 Hardware stack levels required when called:    1
 This function calls:
		___wmul
 This function is called by:
		_main
		_animation0
		_animation1
		_animation2
		_animation3
		_animation4
		_animation5
		_animation6
		_animation7
 This function uses a non-reentrant model


 *************** function _clr_led *****************
 Defined at:
		line 1195 in file "newmain.c"
 Parameters:    Size  Location     Type
  i               1    wreg     unsigned char 
 Auto vars:     Size  Location     Type
  i               1   20[COMRAM] unsigned char 
  led             2   18[COMRAM] int 
  matrix          2   16[COMRAM] int 
 Return value:  Size  Location     Type
                  1    wreg      void 
 Registers used:
		wreg, fsr2l, fsr2h, status,2, status,0, tblptrl, tblptrh, tblptru, prodl, prodh, cstack
 Tracked objects:
		On entry : 
		On exit  : 
		Unchanged: 
 Data sizes:     COMRAM   BANK0   BANK1   BANK2   BANK3   BANK4   BANK5
      Params:         0       0       0       0       0       0       0
      Locals:         5       0       0       0       0       0       0
      Temps:         10       0       0       0       0       0       0
      Totals:        15       0       0       0       0       0       0
Total ram usage:       15 bytes
 Hardware stack levels used:    1
 Hardware stack levels required when called:    1
 This function calls:
		___wmul
 This function is called by:
		_main
		_animation0
		_animation1
		_animation2
		_animation3
		_animation4
		_animation5
		_animation6
		_animation7
 This function uses a non-reentrant model


 *************** function ___wmul *****************
 Defined at:
		line 15 in file "C:\Program Files (x86)\Microchip\xc8\v1.44\sources\common\Umul16.c"
 Parameters:    Size  Location     Type
  multiplier      2    0[COMRAM] unsigned int 
  multiplicand    2    2[COMRAM] unsigned int 
 Auto vars:     Size  Location     Type
  product         2    4[COMRAM] unsigned int 
 Return value:  Size  Location     Type
                  2    0[COMRAM] unsigned int 
 Registers used:
		wreg, status,2, status,0, prodl, prodh
 Tracked objects:
		On entry : 
		On exit  : 
		Unchanged: 
 Data sizes:     COMRAM   BANK0   BANK1   BANK2   BANK3   BANK4   BANK5
      Params:         4       0       0       0       0       0       0
      Locals:         2       0       0       0       0       0       0
      Temps:          0       0       0       0       0       0       0
      Totals:         6       0       0       0       0       0       0
Total ram usage:        6 bytes
 Hardware stack levels used:    1
 This function calls:
		Nothing
 This function is called by:
		_main
		_animation2
		_animation3
		_animation7
		_write_display
		_clr_led
		_set_led
		_is_key_pressed
		_was_key_pressed
		_read_switch
		_is_led
 This function uses a non-reentrant model


 *************** function _Myusartinit *****************
 Defined at:
		line 605 in file "newmain.c"
 Parameters:    Size  Location     Type
		None
 Auto vars:     Size  Location     Type
		None
 Return value:  Size  Location     Type
                  1    wreg      void 
 Registers used:
		wreg, status,2
 Tracked objects:
		On entry : 
		On exit  : 
		Unchanged: 
 Data sizes:     COMRAM   BANK0   BANK1   BANK2   BANK3   BANK4   BANK5
      Params:         0       0       0       0       0       0       0
      Locals:         0       0       0       0       0       0       0
      Temps:          0       0       0       0       0       0       0
      Totals:         0       0       0       0       0       0       0
Total ram usage:        0 bytes
 Hardware stack levels used:    1
 This function calls:
		Nothing
 This function is called by:
		_main
 This function uses a non-reentrant model


 *************** function _MyOpenI2C *****************
 Defined at:
		line 1315 in file "newmain.c"
 Parameters:    Size  Location     Type
  sync_mode       1    wreg     unsigned char 
  slew            1    0[COMRAM] unsigned char 
 Auto vars:     Size  Location     Type
  sync_mode       1    1[COMRAM] unsigned char 
 Return value:  Size  Location     Type
                  1    wreg      void 
 Registers used:
		wreg, status,2, status,0
 Tracked objects:
		On entry : 
		On exit  : 
		Unchanged: 
 Data sizes:     COMRAM   BANK0   BANK1   BANK2   BANK3   BANK4   BANK5
      Params:         1       0       0       0       0       0       0
      Locals:         1       0       0       0       0       0       0
      Temps:          0       0       0       0       0       0       0
      Totals:         2       0       0       0       0       0       0
Total ram usage:        2 bytes
 Hardware stack levels used:    1
 This function calls:
		Nothing
 This function is called by:
		_main
 This function uses a non-reentrant model


 *************** function _MyCloseI2C *****************
 Defined at:
		line 1266 in file "newmain.c"
 Parameters:    Size  Location     Type
		None
 Auto vars:     Size  Location     Type
		None
 Return value:  Size  Location     Type
                  1    wreg      void 
 Registers used:
		status,2, status,0
 Tracked objects:
		On entry : 
		On exit  : 
		Unchanged: 
 Data sizes:     COMRAM   BANK0   BANK1   BANK2   BANK3   BANK4   BANK5
      Params:         0       0       0       0       0       0       0
      Locals:         0       0       0       0       0       0       0
      Temps:          0       0       0       0       0       0       0
      Totals:         0       0       0       0       0       0       0
Total ram usage:        0 bytes
 Hardware stack levels used:    1
 This function calls:
		Nothing
 This function is called by:
		_main
 This function uses a non-reentrant model



MODULE INFORMATION

Module		Function		Class		Link	Load	Size
newmain.c
		_MyReadI2C     		CODE           	4386	0000	29
		_read_switch   		CODE           	4AAC	0000	487
		_Myusartinit   		CODE           	4372	0000	21
		_animation0    		CODE           	5274	0000	987
		_animation1    		CODE           	4948	0000	357
		_animation2    		CODE           	5FAC	0000	1789
		_animation3    		CODE           	66A8	0000	1901
		_animation4    		CODE           	564E	0000	1133
		_animation5    		CODE           	4F64	0000	785
		_animation6    		CODE           	4C92	0000	723
		_animation7    		CODE           	5ABA	0000	1267
		_write_display 		CODE           	4814	0000	309
		_main          		CODE           	6E14	0000	2201
		_MygetsI2C     		CODE           	44C0	0000	79
		_send_note     		CODE           	43C0	0000	35
		_was_key_pressed		CODE           	460E	0000	163
		_MyWriteI2C    		CODE           	450E	0000	95
		_is_key_pressed		CODE           	456C	0000	163
		_clr_led       		CODE           	475E	0000	183
		_write         		CODE           	4408	0000	47
		_set_led       		CODE           	46B0	0000	175
		_MyStartI2C    		CODE           	4352	0000	5
		_MyIdleI2C     		CODE           	4360	0000	19
		_MyCloseI2C    		CODE           	434E	0000	5
		_MyNotAckI2C   		CODE           	435A	0000	7
		_MyStopI2C     		CODE           	4356	0000	5
		_MyOpenI2C     		CODE           	43A2	0000	31

newmain.c estimated size: 13001

C:\Program Files (x86)\Microchip\xc8\v1.44\sources\common\memcpy.c
		_memcpy        		CODE           	4436	0000	69

C:\Program Files (x86)\Microchip\xc8\v1.44\sources\common\memcpy.c estimated size: 69

C:\Program Files (x86)\Microchip\xc8\v1.44\sources\common\Umul16.c
		___wmul        		CODE           	43E2	0000	39

C:\Program Files (x86)\Microchip\xc8\v1.44\sources\common\Umul16.c estimated size: 39

shared
		_i2xy64        		MEDIUMCONST    	7AF9	0000	65
		_horizental_flash		MEDIUMCONST    	7CB3	0000	25
		_drum_midi     		MEDIUMCONST    	7AB9	0000	65
		_show3_3       		MEDIUMCONST    	7CCB	0000	21
		_show7_2       		MEDIUMCONST    	77AD	0000	169
		_circle        		MEDIUMCONST    	7941	0000	105
		_show0_1       		MEDIUMCONST    	7C8B	0000	41
		_show4_3       		MEDIUMCONST    	79A9	0000	97
		_Buttons       		MEDIUMCONST    	7BF9	0000	65
		_show3_2       		MEDIUMCONST    	7C39	0000	43
		_show7_1       		MEDIUMCONST    	78CD	0000	117
		_arrow         		MEDIUMCONST    	76AD	0000	257
		__initialization		CODE           	447A	0000	61
		_show0_3       		MEDIUMCONST    	7855	0000	121
		_show4_2       		MEDIUMCONST    	7A09	0000	97
		_show5         		MEDIUMCONST    	7B39	0000	65
		_show3_1       		MEDIUMCONST    	7A69	0000	81
		_ledLUT        		MEDIUMCONST    	7CEF	0000	17
		_buttonLUT     		MEDIUMCONST    	7CDF	0000	17
		_show0_2       		MEDIUMCONST    	7C63	0000	41
		_show4_1       		MEDIUMCONST    	7BB9	0000	65
		_show4_4       		MEDIUMCONST    	7B79	0000	65

shared estimated size: 1700

