Microchip MPLAB XC8 Compiler V1.44 ()

Linker command line:

-W-3 --edf=C:\Program Files (x86)\Microchip\xc8\v1.44\dat\en_msgs.txt -cs \
  -h+dist/default/production\MyMidiPad-master.production.sym \
  --cmf=dist/default/production\MyMidiPad-master.production.cmf -z \
  -Q18F4520 -oC:\Users\user\AppData\Local\Temp\s5ls.2 \
  -Mdist/default/production/MyMidiPad-master.production.map -E1 -ver=XC8 \
  -ASTACK=0180h-05ffh -pstack=STACK -ACODE=00h-07FFFh -ACONST=00h-07FFFh \
  -ASMALLCONST=0600h-06FFhx122 -AMEDIUMCONST=0600h-07FFFh -ACOMRAM=01h-07Fh \
  -AABS1=00h-05FFh -ABIGRAM=01h-05FFh -ARAM=080h-0FFh,0100h-01FFhx5 \
  -ABANK0=080h-0FFh -ABANK1=0100h-01FFh -ABANK2=0200h-02FFh \
  -ABANK3=0300h-03FFh -ABANK4=0400h-04FFh -ABANK5=0500h-05FFh \
  -ASFR=0F80h-0FFFh -preset_vec=00h,intcode,intcodelo,powerup,init \
  -pramtop=0600h -psmallconst=SMALLCONST -pmediumconst=MEDIUMCONST \
  -pconst=CONST -AFARRAM=00h-00h -ACONFIG=0300000h-030000Dh -pconfig=CONFIG \
  -AIDLOC=0200000h-0200007h -pidloc=IDLOC -AEEDATA=0F00000h-0F000FFh \
  -peeprom_data=EEDATA \
  -prdata=COMRAM,nvrram=COMRAM,nvbit=COMRAM,rbss=COMRAM,rbit=COMRAM \
  -pfarbss=FARRAM,fardata=FARRAM,nvFARRAM=FARRAM \
  -pintsave_regs=BIGRAM,bigbss=BIGRAM,bigdata=BIGRAM -pbss=RAM \
  -pidata=CODE,irdata=CODE,ibigdata=CODE,ifardata=CODE -prparam=COMRAM \
  C:\Users\user\AppData\Local\Temp\s5ls.obj \
  dist/default/production\MyMidiPad-master.production.obj 

Object code version is 3.11

Machine type is 18F4520

Call graph: (short form)




                Name                               Link     Load   Length Selector   Space Scale
C:\Users\user\AppData\Local\Temp\s5ls.obj
                init                                  0        0        4        0       0
                idloc                            200000   200000        8   200000       0
                config                           300000   300000        E   300000       0
dist/default/production\MyMidiPad-master.production.obj
                mediumconst                        79AC     79AC      654     3CD6       0
                text28                             464E     464E        4     2327       0
                text27                             46A2     46A2       1E     2351       0
                text26                             4672     4672       14     2339       0
                text25                             46E2     46E2       26     2371       0
                text24                             4A5E     4A5E       B6     252F       0
                text23                             49B0     49B0       AE     24D8       0
                text22                             4652     4652        4     2329       0
                text21                             4656     4656        4     232B       0
                text20                             4660     4660       12     2330       0
                text19                             480E     480E       5E     2407       0
                text18                             4708     4708       2E     2384       0
                text17                             4B14     4B14      134     258A       0
                text16                             5574     5574      3DA     2ABA       0
                text15                             4C48     4C48      164     2624       0
                text14                             62AC     62AC      6FC     3156       0
                text13                             69A8     69A8      76C     34D4       0
                text12                             594E     594E      46C     2CA7       0
                text11                             5264     5264      310     2932       0
                text10                             4F92     4F92      2D2     27C9       0
                text9                              5DBA     5DBA      4F2     2EDD       0
                text8                              486C     486C       A2     2436       0
                text7                              465A     465A        6     232D       0
                text6                              4686     4686       1C     2343       0
                text5                              47C0     47C0       4E     23E0       0
                text4                              4736     4736       44     239B       0
                text3                              4DAC     4DAC      1E6     26D6       0
                text2                              46C0     46C0       22     2360       0
                text1                              490E     490E       A2     2487       0
                text0                              7114     7114      898     388A       0
                cstackCOMRAM                         43       43       39        1       1
                bssBANK1                            100      100       80      100       1
                bssBANK0                             80       80       74       80       1
                dataCOMRAM                           7C       7C        2        1       1
                bssCOMRAM                             1        1       42        1       1
                cinit                              477A     477A       46     23BD       0
                idataCOMRAM                        464C     464C        2     464C       0

TOTAL           Name                               Link     Load   Length     Space
        CLASS   STACK          

        CLASS   CODE           
                init                                  0        0        4         0
                text28                             464E     464E        4         0
                text27                             46A2     46A2       1E         0
                text26                             4672     4672       14         0
                text25                             46E2     46E2       26         0
                text24                             4A5E     4A5E       B6         0
                text23                             49B0     49B0       AE         0
                text22                             4652     4652        4         0
                text21                             4656     4656        4         0
                text20                             4660     4660       12         0
                text19                             480E     480E       5E         0
                text18                             4708     4708       2E         0
                text17                             4B14     4B14      134         0
                text16                             5574     5574      3DA         0
                text15                             4C48     4C48      164         0
                text14                             62AC     62AC      6FC         0
                text13                             69A8     69A8      76C         0
                text12                             594E     594E      46C         0
                text11                             5264     5264      310         0
                text10                             4F92     4F92      2D2         0
                text9                              5DBA     5DBA      4F2         0
                text8                              486C     486C       A2         0
                text7                              465A     465A        6         0
                text6                              4686     4686       1C         0
                text5                              47C0     47C0       4E         0
                text4                              4736     4736       44         0
                text3                              4DAC     4DAC      1E6         0
                text2                              46C0     46C0       22         0
                text1                              490E     490E       A2         0
                text0                              7114     7114      898         0
                cinit                              477A     477A       46         0
                idataCOMRAM                        464C     464C        2         0

        CLASS   CONST          

        CLASS   SMALLCONST     

        CLASS   MEDIUMCONST    
                mediumconst                        79AC     79AC      654         0

        CLASS   COMRAM         
                cstackCOMRAM                         43       43       39         1
                dataCOMRAM                           7C       7C        2         1
                bssCOMRAM                             1        1       42         1

        CLASS   ABS1           

        CLASS   BIGRAM         

        CLASS   RAM            

        CLASS   BANK0          
                bssBANK0                             80       80       74         1

        CLASS   BANK1          
                bssBANK1                            100      100       80         1

        CLASS   BANK2          

        CLASS   BANK3          

        CLASS   BANK4          

        CLASS   BANK5          

        CLASS   SFR            

        CLASS   FARRAM         

        CLASS   CONFIG         
                config                           300000   300000        E         0

        CLASS   IDLOC          
                idloc                            200000   200000        8         0

        CLASS   EEDATA         



SEGMENTS        Name                           Load    Length   Top    Selector   Space  Class

                reset_vec                      000000  000004  000004         0       0  CODE    
                bssCOMRAM                      000001  00007D  00007E         1       1  COMRAM  
                bssBANK0                       000080  000074  0000F4        80       1  BANK0   
                bssBANK1                       000100  000080  000180       100       1  BANK1   
                idataCOMRAM                    00464C  000002  00464E      464C       0  CODE    
                text28                         00464E  000004  004652      2327       0  CODE    
                text22                         004652  000004  004656      2329       0  CODE    
                text21                         004656  000004  00465A      232B       0  CODE    
                text7                          00465A  000006  004660      232D       0  CODE    
                text20                         004660  000012  004672      2330       0  CODE    
                text26                         004672  000014  004686      2339       0  CODE    
                text6                          004686  00001C  0046A2      2343       0  CODE    
                text27                         0046A2  00001E  0046C0      2351       0  CODE    
                text2                          0046C0  000022  0046E2      2360       0  CODE    
                text25                         0046E2  000026  004708      2371       0  CODE    
                text18                         004708  00002E  004736      2384       0  CODE    
                text4                          004736  000044  00477A      239B       0  CODE    
                cinit                          00477A  000046  0047C0      23BD       0  CODE    
                text5                          0047C0  00004E  00480E      23E0       0  CODE    
                text19                         00480E  00005E  00486C      2407       0  CODE    
                text8                          00486C  0000A2  00490E      2436       0  CODE    
                text1                          00490E  0000A2  0049B0      2487       0  CODE    
                text23                         0049B0  0000AE  004A5E      24D8       0  CODE    
                text24                         004A5E  0000B6  004B14      252F       0  CODE    
                text17                         004B14  000134  004C48      258A       0  CODE    
                text15                         004C48  000164  004DAC      2624       0  CODE    
                text3                          004DAC  0001E6  004F92      26D6       0  CODE    
                text10                         004F92  0002D2  005264      27C9       0  CODE    
                text11                         005264  000310  005574      2932       0  CODE    
                text16                         005574  0003DA  00594E      2ABA       0  CODE    
                text12                         00594E  00046C  005DBA      2CA7       0  CODE    
                text9                          005DBA  0004F2  0062AC      2EDD       0  CODE    
                text14                         0062AC  0006FC  0069A8      3156       0  CODE    
                text13                         0069A8  00076C  007114      34D4       0  CODE    
                text0                          007114  000898  0079AC      388A       0  CODE    
                mediumconst                    0079AC  000654  008000      3CD6       0  MEDIUMCO
                idloc                          200000  000008  200008    200000       0  IDLOC   
                config                         300000  00000E  30000E    300000       0  CONFIG  


UNUSED ADDRESS RANGES

        Name                Unused          Largest block    Delta
        BANK0            0000F4-0000FF                C
        BANK1            000180-0001FF               80
        BANK2            000200-0002FF              100
        BANK3            000300-0003FF              100
        BANK4            000400-0004FF              100
        BANK5            000500-0005FF              100
        BIGRAM           00007E-00007F                2
                         0000F4-0000FF                C
                         000180-0005FF              480
        CODE             000004-00464B             4648
        COMRAM           00007E-00007F                2
        CONST            000004-00464B             4648
        EEDATA           F00000-F000FF              100
        MEDIUMCONST      000600-00464B             404C
        RAM              0000F4-0000FF                C
                         000180-0005FF              100
        SFR              000F80-000FFF               80
        SMALLCONST       000600-00464B              100
        STACK            000180-0005FF              480

                                  Symbol Table

?___wmul                  cstackCOMRAM 000043
MyOpenI2C@slew            cstackCOMRAM 000043
MyOpenI2C@sync_mode       cstackCOMRAM 000044
MyWriteI2C@data_out       cstackCOMRAM 000044
MygetsI2C@length          cstackCOMRAM 00004B
MygetsI2C@rdptr           cstackCOMRAM 000049
_BAUDCONbits              (abs)        000FB8
_Buttons                  mediumconst  007EF9
_MyCloseI2C               text28       00464E
_MyIdleI2C                text20       004660
_MyNotAckI2C              text7        00465A
_MyOpenI2C                text27       0046A2
_MyReadI2C                text6        004686
_MyStartI2C               text22       004652
_MyStopI2C                text21       004656
_MyWriteI2C               text19       00480E
_MygetsI2C                text5        0047C0
_Myusartinit              text26       004672
_OSCCONbits               (abs)        000FD3
_PIR1bits                 (abs)        000F9E
_PIR2bits                 (abs)        000FA1
_RCSTAbits                (abs)        000FAB
_SPBRG                    (abs)        000FAF
_SSPADD                   (abs)        000FC8
_SSPBUF                   (abs)        000FC9
_SSPCON1                  (abs)        000FC6
_SSPCON1bits              (abs)        000FC6
_SSPCON2                  (abs)        000FC5
_SSPCON2bits              (abs)        000FC5
_SSPSTAT                  (abs)        000FC7
_SSPSTATbits              (abs)        000FC7
_TRISCbits                (abs)        000F94
_TRMT                     (abs)        007D61
_TXREG                    (abs)        000FAD
_TXSTAbits                (abs)        000FAC
__CFG_BOREN$SBORDIS       (abs)        000000
__CFG_BORV$3              (abs)        000000
__CFG_CCP2MX$PORTC        (abs)        000000
__CFG_CP0$OFF             (abs)        000000
__CFG_CP1$OFF             (abs)        000000
__CFG_CP2$OFF             (abs)        000000
__CFG_CP3$OFF             (abs)        000000
__CFG_CPB$OFF             (abs)        000000
__CFG_CPD$OFF             (abs)        000000
__CFG_EBTR0$OFF           (abs)        000000
__CFG_EBTR1$OFF           (abs)        000000
__CFG_EBTR2$OFF           (abs)        000000
__CFG_EBTR3$OFF           (abs)        000000
__CFG_EBTRB$OFF           (abs)        000000
__CFG_FCMEN$OFF           (abs)        000000
__CFG_IESO$ON             (abs)        000000
__CFG_LPT1OSC$OFF         (abs)        000000
__CFG_LVP$OFF             (abs)        000000
__CFG_MCLRE$ON            (abs)        000000
__CFG_OSC$INTIO67         (abs)        000000
__CFG_PBADEN$ON           (abs)        000000
__CFG_PWRT$OFF            (abs)        000000
__CFG_STVREN$ON           (abs)        000000
__CFG_WDT$OFF             (abs)        000000
__CFG_WDTPS$1             (abs)        000000
__CFG_WRT0$OFF            (abs)        000000
__CFG_WRT1$OFF            (abs)        000000
__CFG_WRT2$OFF            (abs)        000000
__CFG_WRT3$OFF            (abs)        000000
__CFG_WRTB$OFF            (abs)        000000
__CFG_WRTC$OFF            (abs)        000000
__CFG_WRTD$OFF            (abs)        000000
__CFG_XINST$OFF           (abs)        000000
__HRAM                    (abs)        000000
__Habs1                   abs1         000000
__Hbank0                  bank0        000000
__Hbank1                  bank1        000000
__Hbank2                  bank2        000000
__Hbank3                  bank3        000000
__Hbank4                  bank4        000000
__Hbank5                  bank5        000000
__Hbigbss                 bigbss       000000
__Hbigdata                bigdata      000000
__Hbigram                 bigram       000000
__Hbss                    bss          000000
__HbssBANK0               bssBANK0     000000
__HbssBANK1               bssBANK1     000000
__HbssCOMRAM              bssCOMRAM    000000
__Hcinit                  cinit        000000
__Hclrtext                clrtext      000000
__Hcomram                 comram       000000
__Hconfig                 config       30000E
__Hconst                  const        000000
__HcstackCOMRAM           cstackCOMRAM 000000
__Hdata                   data         000000
__HdataCOMRAM             dataCOMRAM   000000
__Heeprom_data            eeprom_data  000000
__Hfarbss                 farbss       000000
__Hfardata                fardata      000000
__Hibigdata               ibigdata     000000
__Hidata                  idata        000000
__HidataCOMRAM            idataCOMRAM  000000
__Hidloc                  idloc        200008
__Hifardata               ifardata     000000
__Hinit                   init         000004
__Hintcode                intcode      000000
__Hintcode_body           intcode_body 000000
__Hintcodelo              intcodelo    000000
__Hintentry               intentry     000000
__Hintret                 intret       000000
__Hintsave_regs           intsave_regs 000000
__Hirdata                 irdata       000000
__Hmediumconst            mediumconst  008000
__HnvFARRAM               nvFARRAM     000000
__Hnvbit                  nvbit        000000
__Hnvrram                 nvrram       000000
__Hparam                  rparam       000000
__Hpowerup                powerup      000000
__Hram                    ram          000000
__Hramtop                 ramtop       000600
__Hrbit                   rbit         000000
__Hrbss                   rbss         000000
__Hrdata                  rdata        000000
__Hreset_vec              reset_vec    000000
__Hrparam                 rparam       000000
__Hsfr                    sfr          000000
__Hsmallconst             smallconst   000000
__Hspace_0                (abs)        30000E
__Hspace_1                (abs)        000180
__Hspace_2                (abs)        000000
__Hstack                  stack        000000
__Hstruct                 struct       000000
__Htemp                   temp         000000
__Htext                   text         000000
__Htext0                  text0        000000
__Htext1                  text1        000000
__Htext10                 text10       000000
__Htext11                 text11       000000
__Htext12                 text12       000000
__Htext13                 text13       000000
__Htext14                 text14       000000
__Htext15                 text15       000000
__Htext16                 text16       000000
__Htext17                 text17       000000
__Htext18                 text18       000000
__Htext19                 text19       000000
__Htext2                  text2        000000
__Htext20                 text20       000000
__Htext21                 text21       000000
__Htext22                 text22       000000
__Htext23                 text23       000000
__Htext24                 text24       000000
__Htext25                 text25       000000
__Htext26                 text26       000000
__Htext27                 text27       000000
__Htext28                 text28       000000
__Htext3                  text3        000000
__Htext4                  text4        000000
__Htext5                  text5        000000
__Htext6                  text6        000000
__Htext7                  text7        000000
__Htext8                  text8        000000
__Htext9                  text9        000000
__LRAM                    (abs)        000001
__Labs1                   abs1         000000
__Lbank0                  bank0        000000
__Lbank1                  bank1        000000
__Lbank2                  bank2        000000
__Lbank3                  bank3        000000
__Lbank4                  bank4        000000
__Lbank5                  bank5        000000
__Lbigbss                 bigbss       000000
__Lbigdata                bigdata      000000
__Lbigram                 bigram       000000
__Lbss                    bss          000000
__LbssBANK0               bssBANK0     000000
__LbssBANK1               bssBANK1     000000
__LbssCOMRAM              bssCOMRAM    000000
__Lcinit                  cinit        000000
__Lclrtext                clrtext      000000
__Lcomram                 comram       000000
__Lconfig                 config       300000
__Lconst                  const        000000
__LcstackCOMRAM           cstackCOMRAM 000000
__Ldata                   data         000000
__LdataCOMRAM             dataCOMRAM   000000
__Leeprom_data            eeprom_data  000000
__Lfarbss                 farbss       000000
__Lfardata                fardata      000000
__Libigdata               ibigdata     000000
__Lidata                  idata        000000
__LidataCOMRAM            idataCOMRAM  000000
__Lidloc                  idloc        200000
__Lifardata               ifardata     000000
__Linit                   init         000000
__Lintcode                intcode      000000
__Lintcode_body           intcode_body 000000
__Lintcodelo              intcodelo    000000
__Lintentry               intentry     000000
__Lintret                 intret       000000
__Lintsave_regs           intsave_regs 000000
__Lirdata                 irdata       000000
__Lmediumconst            mediumconst  0079AC
__LnvFARRAM               nvFARRAM     000000
__Lnvbit                  nvbit        000000
__Lnvrram                 nvrram       000000
__Lparam                  rparam       000000
__Lpowerup                powerup      000000
__Lram                    ram          000000
__Lramtop                 ramtop       000600
__Lrbit                   rbit         000000
__Lrbss                   rbss         000000
__Lrdata                  rdata        000000
__Lreset_vec              reset_vec    000000
__Lrparam                 rparam       000000
__Lsfr                    sfr          000000
__Lsmallconst             smallconst   000000
__Lspace_0                (abs)        000000
__Lspace_1                (abs)        000000
__Lspace_2                (abs)        000000
__Lstack                  stack        000000
__Lstruct                 struct       000000
__Ltemp                   temp         000000
__Ltext                   text         000000
__Ltext0                  text0        000000
__Ltext1                  text1        000000
__Ltext10                 text10       000000
__Ltext11                 text11       000000
__Ltext12                 text12       000000
__Ltext13                 text13       000000
__Ltext14                 text14       000000
__Ltext15                 text15       000000
__Ltext16                 text16       000000
__Ltext17                 text17       000000
__Ltext18                 text18       000000
__Ltext19                 text19       000000
__Ltext2                  text2        000000
__Ltext20                 text20       000000
__Ltext21                 text21       000000
__Ltext22                 text22       000000
__Ltext23                 text23       000000
__Ltext24                 text24       000000
__Ltext25                 text25       000000
__Ltext26                 text26       000000
__Ltext27                 text27       000000
__Ltext28                 text28       000000
__Ltext3                  text3        000000
__Ltext4                  text4        000000
__Ltext5                  text5        000000
__Ltext6                  text6        000000
__Ltext7                  text7        000000
__Ltext8                  text8        000000
__Ltext9                  text9        000000
__S0                      (abs)        30000E
__S1                      (abs)        000180
__S2                      (abs)        000000
___inthi_sp               stack        000000
___intlo_sp               stack        000000
___param_bank             (abs)        000000
___rparam_used            (abs)        000001
___sp                     stack        000000
___wmul                   text25       0046E2
___wmul@multiplicand      cstackCOMRAM 000045
___wmul@multiplier        cstackCOMRAM 000043
___wmul@product           cstackCOMRAM 000047
__accesstop               (abs)        000080
__activetblptr            (abs)        000002
__end_of_Buttons          mediumconst  007F39
__end_of_MyCloseI2C       text28       004652
__end_of_MyIdleI2C        text20       004672
__end_of_MyNotAckI2C      text7        004660
__end_of_MyOpenI2C        text27       0046C0
__end_of_MyReadI2C        text6        0046A2
__end_of_MyStartI2C       text22       004656
__end_of_MyStopI2C        text21       00465A
__end_of_MyWriteI2C       text19       00486C
__end_of_MygetsI2C        text5        00480E
__end_of_Myusartinit      text26       004686
__end_of___wmul           text25       004708
__end_of__initialization  cinit        0047B6
__end_of_animation0       text16       00594E
__end_of_animation1       text15       004DAC
__end_of_animation2       text14       0069A8
__end_of_animation3       text13       007114
__end_of_animation4       text12       005DBA
__end_of_animation5       text11       005574
__end_of_animation6       text10       005264
__end_of_animation7       text9        0062AC
__end_of_arrow            mediumconst  007AAD
__end_of_buttonLUT        mediumconst  007FEF
__end_of_circle           mediumconst  007CA9
__end_of_clr_led          text24       004B14
__end_of_drum_midi        mediumconst  007DF9
__end_of_horizental_flash mediumconst  007FCB
__end_of_i2xy64           mediumconst  007E39
__end_of_is_key_pressed   text8        00490E
__end_of_ledLUT           mediumconst  007FFF
__end_of_main             text0        0079AC
__end_of_memcpy           text4        00477A
__end_of_read_switch      text3        004F92
__end_of_send_note        text2        0046E2
__end_of_set_led          text23       004A5E
__end_of_show0_1          mediumconst  007FB3
__end_of_show0_2          mediumconst  007F8B
__end_of_show0_3          mediumconst  007BCD
__end_of_show3_1          mediumconst  007DB9
__end_of_show3_2          mediumconst  007F63
__end_of_show3_3          mediumconst  007FDF
__end_of_show4_1          mediumconst  007EF9
__end_of_show4_2          mediumconst  007D69
__end_of_show4_3          mediumconst  007D09
__end_of_show4_4          mediumconst  007EB9
__end_of_show5            mediumconst  007E79
__end_of_show7_1          mediumconst  007C41
__end_of_show7_2          mediumconst  007B55
__end_of_was_key_pressed  text1        0049B0
__end_of_write            text18       004736
__end_of_write_display    text17       004C48
__initialization          cinit        00477A
__mediumconst             mediumconst  0079AC
__pbssBANK0               bssBANK0     000080
__pbssBANK1               bssBANK1     000100
__pbssCOMRAM              bssCOMRAM    000001
__pcinit                  cinit        00477A
__pcstackCOMRAM           cstackCOMRAM 000043
__pdataCOMRAM             dataCOMRAM   00007C
__pidataCOMRAM            idataCOMRAM  00464C
__pmediumconst            mediumconst  0079AC
__ptext0                  text0        007114
__ptext1                  text1        00490E
__ptext10                 text10       004F92
__ptext11                 text11       005264
__ptext12                 text12       00594E
__ptext13                 text13       0069A8
__ptext14                 text14       0062AC
__ptext15                 text15       004C48
__ptext16                 text16       005574
__ptext17                 text17       004B14
__ptext18                 text18       004708
__ptext19                 text19       00480E
__ptext2                  text2        0046C0
__ptext20                 text20       004660
__ptext21                 text21       004656
__ptext22                 text22       004652
__ptext23                 text23       0049B0
__ptext24                 text24       004A5E
__ptext25                 text25       0046E2
__ptext26                 text26       004672
__ptext27                 text27       0046A2
__ptext28                 text28       00464E
__ptext3                  text3        004DAC
__ptext4                  text4        004736
__ptext5                  text5        0047C0
__ptext6                  text6        004686
__ptext7                  text7        00465A
__ptext8                  text8        00486C
__ptext9                  text9        005DBA
__ramtop                  ramtop       000600
__size_of_MyCloseI2C      (abs)        000000
__size_of_MyIdleI2C       (abs)        000000
__size_of_MyNotAckI2C     (abs)        000000
__size_of_MyOpenI2C       (abs)        000000
__size_of_MyReadI2C       (abs)        000000
__size_of_MyStartI2C      (abs)        000000
__size_of_MyStopI2C       (abs)        000000
__size_of_MyWriteI2C      (abs)        000000
__size_of_MygetsI2C       (abs)        000000
__size_of_Myusartinit     (abs)        000000
__size_of___wmul          (abs)        000000
__size_of_animation0      (abs)        000000
__size_of_animation1      (abs)        000000
__size_of_animation2      (abs)        000000
__size_of_animation3      (abs)        000000
__size_of_animation4      (abs)        000000
__size_of_animation5      (abs)        000000
__size_of_animation6      (abs)        000000
__size_of_animation7      (abs)        000000
__size_of_clr_led         (abs)        000000
__size_of_is_key_pressed  (abs)        000000
__size_of_main            (abs)        000000
__size_of_memcpy          (abs)        000000
__size_of_read_switch     (abs)        000000
__size_of_send_note       (abs)        000000
__size_of_set_led         (abs)        000000
__size_of_was_key_pressed (abs)        000000
__size_of_write           (abs)        000000
__size_of_write_display   (abs)        000000
__smallconst              smallconst   000000
_animation0               text16       005574
_animation1               text15       004C48
_animation2               text14       0062AC
_animation3               text13       0069A8
_animation4               text12       00594E
_animation5               text11       005264
_animation6               text10       004F92
_animation7               text9        005DBA
_arrow                    mediumconst  0079AD
_buttonLUT                mediumconst  007FDF
_circle                   mediumconst  007C41
_clr_led                  text24       004A5E
_count                    bssCOMRAM    000041
_drum_midi                mediumconst  007DB9
_horizental_flash         mediumconst  007FB3
_i2xy64                   mediumconst  007DF9
_is_key_pressed           text8        00486C
_ledLUT                   mediumconst  007FEF
_main                     text0        007114
_matrices                 bssBANK0     000080
_memcpy                   text4        004736
_play_mode                dataCOMRAM   00007C
_press                    bssBANK1     000100
_read_switch              text3        004DAC
_send_note                text2        0046C0
_set_led                  text23       0049B0
_show0_1                  mediumconst  007F8B
_show0_2                  mediumconst  007F63
_show0_3                  mediumconst  007B55
_show3_1                  mediumconst  007D69
_show3_2                  mediumconst  007F39
_show3_3                  mediumconst  007FCB
_show4_1                  mediumconst  007EB9
_show4_2                  mediumconst  007D09
_show4_3                  mediumconst  007CA9
_show4_4                  mediumconst  007E79
_show5                    mediumconst  007E39
_show7_1                  mediumconst  007BCD
_show7_2                  mediumconst  007AAD
_temp                     bssCOMRAM    000001
_was_key_pressed          text1        00490E
_write                    text18       004708
_write_display            text17       004B14
animation0@i              cstackCOMRAM 00005F
animation0@j              cstackCOMRAM 00005E
animation0@m              cstackCOMRAM 00005D
animation0@n              cstackCOMRAM 000058
animation0@x              cstackCOMRAM 00005B
animation1@i              cstackCOMRAM 00005E
animation1@j              cstackCOMRAM 00005F
animation1@m              cstackCOMRAM 00005C
animation1@n              cstackCOMRAM 000058
animation1@x              cstackCOMRAM 00005D
animation2@col            cstackCOMRAM 00005E
animation2@h              cstackCOMRAM 000059
animation2@i              cstackCOMRAM 000065
animation2@j              cstackCOMRAM 000067
animation2@m              cstackCOMRAM 000060
animation2@n              cstackCOMRAM 000058
animation2@row            cstackCOMRAM 000061
animation2@x              cstackCOMRAM 000063
animation3@i              cstackCOMRAM 00005D
animation3@j              cstackCOMRAM 00005F
animation3@m              cstackCOMRAM 00005C
animation4@h              cstackCOMRAM 000058
animation4@i              cstackCOMRAM 00005C
animation4@j              cstackCOMRAM 00005D
animation4@m              cstackCOMRAM 00005B
animation5@h              cstackCOMRAM 000059
animation5@i              cstackCOMRAM 00005E
animation5@j              cstackCOMRAM 00005D
animation5@m              cstackCOMRAM 00005C
animation5@n              cstackCOMRAM 000058
animation5@x              cstackCOMRAM 00005F
animation6@a              cstackCOMRAM 00005E
animation6@b              cstackCOMRAM 000060
animation6@c              cstackCOMRAM 000062
animation6@d              cstackCOMRAM 000064
animation6@m              cstackCOMRAM 000066
animation6@n              cstackCOMRAM 000058
animation6@x              cstackCOMRAM 00005D
animation7@h              cstackCOMRAM 00005A
animation7@i              cstackCOMRAM 00005B
animation7@j              cstackCOMRAM 00005D
clr_led@i                 cstackCOMRAM 000057
clr_led@led               cstackCOMRAM 000055
clr_led@matrix            cstackCOMRAM 000053
end_of_initialization     cinit        0047B6
intlevel0                 text         000000
intlevel1                 text         000000
intlevel2                 text         000000
intlevel3                 text         000000
is_key_pressed@k          cstackCOMRAM 000055
is_key_pressed@led        cstackCOMRAM 000053
is_key_pressed@matrix     cstackCOMRAM 000051
main@column               cstackCOMRAM 000075
main@h                    cstackCOMRAM 000079
main@i                    cstackCOMRAM 00007A
main@j                    cstackCOMRAM 000077
main@k                    cstackCOMRAM 000072
main@m                    cstackCOMRAM 000076
main@n                    cstackCOMRAM 000073
main@note                 cstackCOMRAM 000071
main@rightbutton          cstackCOMRAM 000074
main@slew                 cstackCOMRAM 000070
main@sync_mode            cstackCOMRAM 00006F
main@x                    cstackCOMRAM 00006D
main@y                    cstackCOMRAM 00006E
memcpy@d                  cstackCOMRAM 00004F
memcpy@d1                 cstackCOMRAM 000049
memcpy@n                  cstackCOMRAM 00004D
memcpy@s                  cstackCOMRAM 000051
memcpy@s1                 cstackCOMRAM 00004B
memcpy@tmp                cstackCOMRAM 000053
read_switch@i             cstackCOMRAM 00005E
read_switch@j             cstackCOMRAM 000060
send_note@one             cstackCOMRAM 000045
send_note@three           cstackCOMRAM 000044
send_note@two             cstackCOMRAM 000043
set_led@i                 cstackCOMRAM 000055
set_led@led               cstackCOMRAM 000053
set_led@matrix            cstackCOMRAM 000051
stackhi                   (abs)        0005FF
stacklo                   (abs)        000180
start                     init         000000
start_initialization      cinit        00477A
was_key_pressed@k         cstackCOMRAM 000055
was_key_pressed@led       cstackCOMRAM 000053
was_key_pressed@matrix    cstackCOMRAM 000051
write@data                cstackCOMRAM 000045
write@data_out            cstackCOMRAM 000046
write@status              cstackCOMRAM 000047
write_display@i           cstackCOMRAM 000051
write_display@j           cstackCOMRAM 00004F


FUNCTION INFORMATION:

 *************** function _main *****************
 Defined at:
		line 409 in file "newmain.c"
 Parameters:    Size  Location     Type
		None
 Auto vars:     Size  Location     Type
  note            1   46[COMRAM] unsigned char 
  y               1   43[COMRAM] unsigned char 
  x               1   42[COMRAM] unsigned char 
  i               2   55[COMRAM] int 
  j               2   52[COMRAM] int 
  h               1   54[COMRAM] unsigned char 
  m               1   51[COMRAM] unsigned char 
  column          1   50[COMRAM] unsigned char 
  rightbutton     1   49[COMRAM] unsigned char 
  n               1   48[COMRAM] unsigned char 
  k               1   47[COMRAM] unsigned char 
  slew            1   45[COMRAM] unsigned char 
  sync_mode       1   44[COMRAM] unsigned char 
 Return value:  Size  Location     Type
                  1    wreg      void 
 Registers used:
		wreg, fsr1l, fsr1h, fsr2l, fsr2h, status,2, status,0, tblptrl, tblptrh, tblptru, prodl, prodh, cstack
 Tracked objects:
		On entry : 
		On exit  : 
		Unchanged: 
 Data sizes:     COMRAM   BANK0   BANK1   BANK2   BANK3   BANK4   BANK5
      Params:         0       0       0       0       0       0       0
      Locals:        15       0       0       0       0       0       0
      Temps:          4       0       0       0       0       0       0
      Totals:        19       0       0       0       0       0       0
Total ram usage:       19 bytes
 Hardware stack levels required when called:    5
 This function calls:
		_MyCloseI2C
		_MyIdleI2C
		_MyOpenI2C
		_MyStartI2C
		_MyStopI2C
		_Myusartinit
		___wmul
		_animation0
		_animation1
		_animation2
		_animation3
		_animation4
		_animation5
		_animation6
		_animation7
		_clr_led
		_is_key_pressed
		_read_switch
		_send_note
		_set_led
		_was_key_pressed
		_write
		_write_display
 This function is called by:
		Startup code after reset
 This function uses a non-reentrant model


 *************** function _was_key_pressed *****************
 Defined at:
		line 1219 in file "newmain.c"
 Parameters:    Size  Location     Type
  k               1    wreg     unsigned char 
 Auto vars:     Size  Location     Type
  k               1   18[COMRAM] unsigned char 
  led             2   16[COMRAM] int 
  matrix          2   14[COMRAM] int 
 Return value:  Size  Location     Type
                  1    wreg      unsigned char 
 Registers used:
		wreg, fsr2l, fsr2h, status,2, status,0, tblptrl, tblptrh, tblptru, prodl, prodh, cstack
 Tracked objects:
		On entry : 
		On exit  : 
		Unchanged: 
 Data sizes:     COMRAM   BANK0   BANK1   BANK2   BANK3   BANK4   BANK5
      Params:         0       0       0       0       0       0       0
      Locals:         5       0       0       0       0       0       0
      Temps:          8       0       0       0       0       0       0
      Totals:        13       0       0       0       0       0       0
Total ram usage:       13 bytes
 Hardware stack levels used:    1
 Hardware stack levels required when called:    1
 This function calls:
		___wmul
 This function is called by:
		_main
 This function uses a non-reentrant model


 *************** function _send_note *****************
 Defined at:
		line 624 in file "newmain.c"
 Parameters:    Size  Location     Type
  one             1    wreg     unsigned char 
  two             1    0[COMRAM] unsigned char 
  three           1    1[COMRAM] unsigned char 
 Auto vars:     Size  Location     Type
  one             1    2[COMRAM] unsigned char 
 Return value:  Size  Location     Type
                  1    wreg      void 
 Registers used:
		wreg
 Tracked objects:
		On entry : 
		On exit  : 
		Unchanged: 
 Data sizes:     COMRAM   BANK0   BANK1   BANK2   BANK3   BANK4   BANK5
      Params:         2       0       0       0       0       0       0
      Locals:         1       0       0       0       0       0       0
      Temps:          0       0       0       0       0       0       0
      Totals:         3       0       0       0       0       0       0
Total ram usage:        3 bytes
 Hardware stack levels used:    1
 This function calls:
		Nothing
 This function is called by:
		_main
 This function uses a non-reentrant model


 *************** function _read_switch *****************
 Defined at:
		line 1225 in file "newmain.c"
 Parameters:    Size  Location     Type
		None
 Auto vars:     Size  Location     Type
  j               2   29[COMRAM] int 
  i               2   27[COMRAM] int 
 Return value:  Size  Location     Type
                  1    wreg      unsigned char 
 Registers used:
		wreg, fsr1l, fsr1h, fsr2l, fsr2h, status,2, status,0, prodl, prodh, cstack
 Tracked objects:
		On entry : 
		On exit  : 
		Unchanged: 
 Data sizes:     COMRAM   BANK0   BANK1   BANK2   BANK3   BANK4   BANK5
      Params:         0       0       0       0       0       0       0
      Locals:         4       0       0       0       0       0       0
      Temps:         10       0       0       0       0       0       0
      Totals:        14       0       0       0       0       0       0
Total ram usage:       14 bytes
 Hardware stack levels used:    1
 Hardware stack levels required when called:    3
 This function calls:
		_MyIdleI2C
		_MyNotAckI2C
		_MyStartI2C
		_MyStopI2C
		_MygetsI2C
		___wmul
		_memcpy
		_write
 This function is called by:
		_main
 This function uses a non-reentrant model


 *************** function _memcpy *****************
 Defined at:
		line 27 in file "C:\Program Files (x86)\Microchip\xc8\v1.44\sources\common\memcpy.c"
 Parameters:    Size  Location     Type
  d1              2    6[COMRAM] PTR void 
		 -> matrices(116), 
  s1              2    8[COMRAM] PTR const void 
		 -> matrices.keys(6), matrices(116), 
  n               2   10[COMRAM] unsigned int 
 Auto vars:     Size  Location     Type
  s               2   14[COMRAM] PTR const unsigned char 
		 -> matrices.keys(6), matrices(116), 
  d               2   12[COMRAM] PTR unsigned char 
		 -> matrices(116), 
  tmp             1   16[COMRAM] unsigned char 
 Return value:  Size  Location     Type
                  2    6[COMRAM] PTR void 
 Registers used:
		wreg, fsr2l, fsr2h, status,2, status,0
 Tracked objects:
		On entry : 
		On exit  : 
		Unchanged: 
 Data sizes:     COMRAM   BANK0   BANK1   BANK2   BANK3   BANK4   BANK5
      Params:         6       0       0       0       0       0       0
      Locals:         5       0       0       0       0       0       0
      Temps:          0       0       0       0       0       0       0
      Totals:        11       0       0       0       0       0       0
Total ram usage:       11 bytes
 Hardware stack levels used:    1
 This function calls:
		Nothing
 This function is called by:
		_read_switch
 This function uses a non-reentrant model


 *************** function _MygetsI2C *****************
 Defined at:
		line 1328 in file "newmain.c"
 Parameters:    Size  Location     Type
  rdptr           2    6[COMRAM] PTR unsigned char 
		 -> matrices(116), 
  length          1    8[COMRAM] unsigned char 
 Auto vars:     Size  Location     Type
		None
 Return value:  Size  Location     Type
                  1    wreg      char 
 Registers used:
		wreg, fsr2l, fsr2h, status,2, status,0, cstack
 Tracked objects:
		On entry : 
		On exit  : 
		Unchanged: 
 Data sizes:     COMRAM   BANK0   BANK1   BANK2   BANK3   BANK4   BANK5
      Params:         3       0       0       0       0       0       0
      Locals:         0       0       0       0       0       0       0
      Temps:          0       0       0       0       0       0       0
      Totals:         3       0       0       0       0       0       0
Total ram usage:        3 bytes
 Hardware stack levels used:    1
 Hardware stack levels required when called:    1
 This function calls:
		_MyReadI2C
 This function is called by:
		_read_switch
 This function uses a non-reentrant model


 *************** function _MyReadI2C *****************
 Defined at:
		line 1358 in file "newmain.c"
 Parameters:    Size  Location     Type
		None
 Auto vars:     Size  Location     Type
		None
 Return value:  Size  Location     Type
                  1    wreg      unsigned char 
 Registers used:
		wreg, status,2, status,0
 Tracked objects:
		On entry : 
		On exit  : 
		Unchanged: 
 Data sizes:     COMRAM   BANK0   BANK1   BANK2   BANK3   BANK4   BANK5
      Params:         0       0       0       0       0       0       0
      Locals:         0       0       0       0       0       0       0
      Temps:          0       0       0       0       0       0       0
      Totals:         0       0       0       0       0       0       0
Total ram usage:        0 bytes
 Hardware stack levels used:    1
 This function calls:
		Nothing
 This function is called by:
		_MygetsI2C
 This function uses a non-reentrant model


 *************** function _MyNotAckI2C *****************
 Defined at:
		line 1353 in file "newmain.c"
 Parameters:    Size  Location     Type
		None
 Auto vars:     Size  Location     Type
		None
 Return value:  Size  Location     Type
                  1    wreg      void 
 Registers used:
		None
 Tracked objects:
		On entry : 
		On exit  : 
		Unchanged: 
 Data sizes:     COMRAM   BANK0   BANK1   BANK2   BANK3   BANK4   BANK5
      Params:         0       0       0       0       0       0       0
      Locals:         0       0       0       0       0       0       0
      Temps:          0       0       0       0       0       0       0
      Totals:         0       0       0       0       0       0       0
Total ram usage:        0 bytes
 Hardware stack levels used:    1
 This function calls:
		Nothing
 This function is called by:
		_read_switch
 This function uses a non-reentrant model


 *************** function _is_key_pressed *****************
 Defined at:
		line 1213 in file "newmain.c"
 Parameters:    Size  Location     Type
  k               1    wreg     unsigned char 
 Auto vars:     Size  Location     Type
  k               1   18[COMRAM] unsigned char 
  led             2   16[COMRAM] int 
  matrix          2   14[COMRAM] int 
 Return value:  Size  Location     Type
                  1    wreg      unsigned char 
 Registers used:
		wreg, fsr2l, fsr2h, status,2, status,0, tblptrl, tblptrh, tblptru, prodl, prodh, cstack
 Tracked objects:
		On entry : 
		On exit  : 
		Unchanged: 
 Data sizes:     COMRAM   BANK0   BANK1   BANK2   BANK3   BANK4   BANK5
      Params:         0       0       0       0       0       0       0
      Locals:         5       0       0       0       0       0       0
      Temps:          8       0       0       0       0       0       0
      Totals:        13       0       0       0       0       0       0
Total ram usage:       13 bytes
 Hardware stack levels used:    1
 Hardware stack levels required when called:    1
 This function calls:
		___wmul
 This function is called by:
		_main
 This function uses a non-reentrant model


 *************** function _animation7 *****************
 Defined at:
		line 1110 in file "newmain.c"
 Parameters:    Size  Location     Type
  h               1    wreg     unsigned char 
 Auto vars:     Size  Location     Type
  h               1   23[COMRAM] unsigned char 
  j               2   26[COMRAM] int 
  i               2   24[COMRAM] int 
 Return value:  Size  Location     Type
                  1    wreg      void 
 Registers used:
		wreg, fsr2l, fsr2h, status,2, status,0, tblptrl, tblptrh, tblptru, prodl, prodh, cstack
 Tracked objects:
		On entry : 
		On exit  : 
		Unchanged: 
 Data sizes:     COMRAM   BANK0   BANK1   BANK2   BANK3   BANK4   BANK5
      Params:         0       0       0       0       0       0       0
      Locals:         5       0       0       0       0       0       0
      Temps:          2       0       0       0       0       0       0
      Totals:         7       0       0       0       0       0       0
Total ram usage:        7 bytes
 Hardware stack levels used:    1
 Hardware stack levels required when called:    4
 This function calls:
		___wmul
		_clr_led
		_set_led
		_write_display
 This function is called by:
		_main
 This function uses a non-reentrant model


 *************** function _animation6 *****************
 Defined at:
		line 1076 in file "newmain.c"
 Parameters:    Size  Location     Type
  m               1    wreg     unsigned char 
  n               1   21[COMRAM] unsigned char 
 Auto vars:     Size  Location     Type
  m               1   35[COMRAM] unsigned char 
  x               1   26[COMRAM] unsigned char 
  d               2   33[COMRAM] int 
  c               2   31[COMRAM] int 
  b               2   29[COMRAM] int 
  a               2   27[COMRAM] int 
 Return value:  Size  Location     Type
                  1    wreg      void 
 Registers used:
		wreg, fsr2l, fsr2h, status,2, status,0, tblptrl, tblptrh, tblptru, prodl, prodh, cstack
 Tracked objects:
		On entry : 
		On exit  : 
		Unchanged: 
 Data sizes:     COMRAM   BANK0   BANK1   BANK2   BANK3   BANK4   BANK5
      Params:         1       0       0       0       0       0       0
      Locals:        10       0       0       0       0       0       0
      Temps:          4       0       0       0       0       0       0
      Totals:        15       0       0       0       0       0       0
Total ram usage:       15 bytes
 Hardware stack levels used:    1
 Hardware stack levels required when called:    4
 This function calls:
		_clr_led
		_set_led
		_write_display
 This function is called by:
		_main
 This function uses a non-reentrant model


 *************** function _animation5 *****************
 Defined at:
		line 1002 in file "newmain.c"
 Parameters:    Size  Location     Type
  m               1    wreg     unsigned char 
  n               1   21[COMRAM] unsigned char 
  h               1   22[COMRAM] unsigned char 
 Auto vars:     Size  Location     Type
  m               1   25[COMRAM] unsigned char 
  x               1   28[COMRAM] unsigned char 
  i               1   27[COMRAM] unsigned char 
  j               1   26[COMRAM] unsigned char 
 Return value:  Size  Location     Type
                  1    wreg      void 
 Registers used:
		wreg, fsr2l, fsr2h, status,2, status,0, tblptrl, tblptrh, tblptru, prodl, prodh, cstack
 Tracked objects:
		On entry : 
		On exit  : 
		Unchanged: 
 Data sizes:     COMRAM   BANK0   BANK1   BANK2   BANK3   BANK4   BANK5
      Params:         2       0       0       0       0       0       0
      Locals:         4       0       0       0       0       0       0
      Temps:          2       0       0       0       0       0       0
      Totals:         8       0       0       0       0       0       0
Total ram usage:        8 bytes
 Hardware stack levels used:    1
 Hardware stack levels required when called:    4
 This function calls:
		_clr_led
		_set_led
		_write_display
 This function is called by:
		_main
 This function uses a non-reentrant model


 *************** function _animation4 *****************
 Defined at:
		line 914 in file "newmain.c"
 Parameters:    Size  Location     Type
  m               1    wreg     unsigned char 
  h               1   21[COMRAM] unsigned char 
 Auto vars:     Size  Location     Type
  m               1   24[COMRAM] unsigned char 
  j               1   26[COMRAM] unsigned char 
  i               1   25[COMRAM] unsigned char 
 Return value:  Size  Location     Type
                  1    wreg      void 
 Registers used:
		wreg, fsr2l, fsr2h, status,2, status,0, tblptrl, tblptrh, tblptru, prodl, prodh, cstack
 Tracked objects:
		On entry : 
		On exit  : 
		Unchanged: 
 Data sizes:     COMRAM   BANK0   BANK1   BANK2   BANK3   BANK4   BANK5
      Params:         1       0       0       0       0       0       0
      Locals:         3       0       0       0       0       0       0
      Temps:          2       0       0       0       0       0       0
      Totals:         6       0       0       0       0       0       0
Total ram usage:        6 bytes
 Hardware stack levels used:    1
 Hardware stack levels required when called:    4
 This function calls:
		_clr_led
		_set_led
		_write_display
 This function is called by:
		_main
 This function uses a non-reentrant model


 *************** function _animation3 *****************
 Defined at:
		line 818 in file "newmain.c"
 Parameters:    Size  Location     Type
  m               1    wreg     unsigned char 
 Auto vars:     Size  Location     Type
  m               1   25[COMRAM] unsigned char 
  j               2   28[COMRAM] int 
  i               2   26[COMRAM] int 
 Return value:  Size  Location     Type
                  1    wreg      void 
 Registers used:
		wreg, fsr2l, fsr2h, status,2, status,0, tblptrl, tblptrh, tblptru, prodl, prodh, cstack
 Tracked objects:
		On entry : 
		On exit  : 
		Unchanged: 
 Data sizes:     COMRAM   BANK0   BANK1   BANK2   BANK3   BANK4   BANK5
      Params:         0       0       0       0       0       0       0
      Locals:         5       0       0       0       0       0       0
      Temps:          4       0       0       0       0       0       0
      Totals:         9       0       0       0       0       0       0
Total ram usage:        9 bytes
 Hardware stack levels used:    1
 Hardware stack levels required when called:    4
 This function calls:
		___wmul
		_clr_led
		_set_led
		_write_display
 This function is called by:
		_main
 This function uses a non-reentrant model


 *************** function _animation2 *****************
 Defined at:
		line 723 in file "newmain.c"
 Parameters:    Size  Location     Type
  m               1    wreg     unsigned char 
  n               1   21[COMRAM] unsigned char 
  h               1   22[COMRAM] unsigned char 
 Auto vars:     Size  Location     Type
  m               1   29[COMRAM] unsigned char 
  j               2   36[COMRAM] int 
  i               2   34[COMRAM] int 
  x               2   32[COMRAM] int 
  row             2   30[COMRAM] int 
  col             2   27[COMRAM] int 
 Return value:  Size  Location     Type
                  1    wreg      void 
 Registers used:
		wreg, fsr2l, fsr2h, status,2, status,0, tblptrl, tblptrh, tblptru, prodl, prodh, cstack
 Tracked objects:
		On entry : 
		On exit  : 
		Unchanged: 
 Data sizes:     COMRAM   BANK0   BANK1   BANK2   BANK3   BANK4   BANK5
      Params:         2       0       0       0       0       0       0
      Locals:        11       0       0       0       0       0       0
      Temps:          4       0       0       0       0       0       0
      Totals:        17       0       0       0       0       0       0
Total ram usage:       17 bytes
 Hardware stack levels used:    1
 Hardware stack levels required when called:    4
 This function calls:
		___wmul
		_clr_led
		_set_led
		_write_display
 This function is called by:
		_main
 This function uses a non-reentrant model


 *************** function _animation1 *****************
 Defined at:
		line 700 in file "newmain.c"
 Parameters:    Size  Location     Type
  m               1    wreg     unsigned char 
  n               1   21[COMRAM] unsigned char 
 Auto vars:     Size  Location     Type
  m               1   25[COMRAM] unsigned char 
  j               1   28[COMRAM] unsigned char 
  i               1   27[COMRAM] unsigned char 
  x               1   26[COMRAM] unsigned char 
 Return value:  Size  Location     Type
                  1    wreg      void 
 Registers used:
		wreg, fsr2l, fsr2h, status,2, status,0, tblptrl, tblptrh, tblptru, prodl, prodh, cstack
 Tracked objects:
		On entry : 
		On exit  : 
		Unchanged: 
 Data sizes:     COMRAM   BANK0   BANK1   BANK2   BANK3   BANK4   BANK5
      Params:         1       0       0       0       0       0       0
      Locals:         4       0       0       0       0       0       0
      Temps:          3       0       0       0       0       0       0
      Totals:         8       0       0       0       0       0       0
Total ram usage:        8 bytes
 Hardware stack levels used:    1
 Hardware stack levels required when called:    4
 This function calls:
		_clr_led
		_set_led
		_write_display
 This function is called by:
		_main
 This function uses a non-reentrant model


 *************** function _animation0 *****************
 Defined at:
		line 633 in file "newmain.c"
 Parameters:    Size  Location     Type
  m               1    wreg     unsigned char 
  n               1   21[COMRAM] unsigned char 
 Auto vars:     Size  Location     Type
  m               1   26[COMRAM] unsigned char 
  x               2   24[COMRAM] int 
  i               1   28[COMRAM] unsigned char 
  j               1   27[COMRAM] unsigned char 
 Return value:  Size  Location     Type
                  1    wreg      void 
 Registers used:
		wreg, fsr2l, fsr2h, status,2, status,0, tblptrl, tblptrh, tblptru, prodl, prodh, cstack
 Tracked objects:
		On entry : 
		On exit  : 
		Unchanged: 
 Data sizes:     COMRAM   BANK0   BANK1   BANK2   BANK3   BANK4   BANK5
      Params:         1       0       0       0       0       0       0
      Locals:         5       0       0       0       0       0       0
      Temps:          2       0       0       0       0       0       0
      Totals:         8       0       0       0       0       0       0
Total ram usage:        8 bytes
 Hardware stack levels used:    1
 Hardware stack levels required when called:    4
 This function calls:
		_clr_led
		_set_led
		_write_display
 This function is called by:
		_main
 This function uses a non-reentrant model


 *************** function _write_display *****************
 Defined at:
		line 1175 in file "newmain.c"
 Parameters:    Size  Location     Type
		None
 Auto vars:     Size  Location     Type
  i               2   14[COMRAM] int 
  j               2   12[COMRAM] int 
 Return value:  Size  Location     Type
                  1    wreg      void 
 Registers used:
		wreg, fsr2l, fsr2h, status,2, status,0, prodl, prodh, cstack
 Tracked objects:
		On entry : 
		On exit  : 
		Unchanged: 
 Data sizes:     COMRAM   BANK0   BANK1   BANK2   BANK3   BANK4   BANK5
      Params:         0       0       0       0       0       0       0
      Locals:         4       0       0       0       0       0       0
      Temps:          6       0       0       0       0       0       0
      Totals:        10       0       0       0       0       0       0
Total ram usage:       10 bytes
 Hardware stack levels used:    1
 Hardware stack levels required when called:    3
 This function calls:
		_MyIdleI2C
		_MyStartI2C
		_MyStopI2C
		___wmul
		_write
 This function is called by:
		_main
		_animation0
		_animation1
		_animation2
		_animation3
		_animation4
		_animation5
		_animation6
		_animation7
 This function uses a non-reentrant model


 *************** function _write *****************
 Defined at:
		line 1303 in file "newmain.c"
 Parameters:    Size  Location     Type
  data_out        1    wreg     unsigned char 
 Auto vars:     Size  Location     Type
  data_out        1    3[COMRAM] unsigned char 
  status          2    4[COMRAM] int 
  data            1    2[COMRAM] char 
 Return value:  Size  Location     Type
                  1    wreg      void 
 Registers used:
		wreg, status,2, status,0, cstack
 Tracked objects:
		On entry : 
		On exit  : 
		Unchanged: 
 Data sizes:     COMRAM   BANK0   BANK1   BANK2   BANK3   BANK4   BANK5
      Params:         0       0       0       0       0       0       0
      Locals:         4       0       0       0       0       0       0
      Temps:          0       0       0       0       0       0       0
      Totals:         4       0       0       0       0       0       0
Total ram usage:        4 bytes
 Hardware stack levels used:    1
 Hardware stack levels required when called:    2
 This function calls:
		_MyWriteI2C
 This function is called by:
		_main
		_write_display
		_read_switch
 This function uses a non-reentrant model


 *************** function _MyWriteI2C *****************
 Defined at:
		line 1275 in file "newmain.c"
 Parameters:    Size  Location     Type
  data_out        1    wreg     unsigned char 
 Auto vars:     Size  Location     Type
  data_out        1    1[COMRAM] unsigned char 
 Return value:  Size  Location     Type
                  1    wreg      char 
 Registers used:
		wreg, status,2, status,0, cstack
 Tracked objects:
		On entry : 
		On exit  : 
		Unchanged: 
 Data sizes:     COMRAM   BANK0   BANK1   BANK2   BANK3   BANK4   BANK5
      Params:         0       0       0       0       0       0       0
      Locals:         1       0       0       0       0       0       0
      Temps:          0       0       0       0       0       0       0
      Totals:         1       0       0       0       0       0       0
Total ram usage:        1 bytes
 Hardware stack levels used:    1
 Hardware stack levels required when called:    1
 This function calls:
		_MyIdleI2C
 This function is called by:
		_write
 This function uses a non-reentrant model


 *************** function _MyIdleI2C *****************
 Defined at:
		line 1270 in file "newmain.c"
 Parameters:    Size  Location     Type
		None
 Auto vars:     Size  Location     Type
		None
 Return value:  Size  Location     Type
                  1    wreg      void 
 Registers used:
		wreg, status,2, status,0
 Tracked objects:
		On entry : 
		On exit  : 
		Unchanged: 
 Data sizes:     COMRAM   BANK0   BANK1   BANK2   BANK3   BANK4   BANK5
      Params:         0       0       0       0       0       0       0
      Locals:         0       0       0       0       0       0       0
      Temps:          1       0       0       0       0       0       0
      Totals:         1       0       0       0       0       0       0
Total ram usage:        1 bytes
 Hardware stack levels used:    1
 This function calls:
		Nothing
 This function is called by:
		_main
		_write_display
		_read_switch
		_MyWriteI2C
 This function uses a non-reentrant model


 *************** function _MyStopI2C *****************
 Defined at:
		line 1262 in file "newmain.c"
 Parameters:    Size  Location     Type
		None
 Auto vars:     Size  Location     Type
		None
 Return value:  Size  Location     Type
                  1    wreg      void 
 Registers used:
		None
 Tracked objects:
		On entry : 
		On exit  : 
		Unchanged: 
 Data sizes:     COMRAM   BANK0   BANK1   BANK2   BANK3   BANK4   BANK5
      Params:         0       0       0       0       0       0       0
      Locals:         0       0       0       0       0       0       0
      Temps:          0       0       0       0       0       0       0
      Totals:         0       0       0       0       0       0       0
Total ram usage:        0 bytes
 Hardware stack levels used:    1
 This function calls:
		Nothing
 This function is called by:
		_main
		_write_display
		_read_switch
 This function uses a non-reentrant model


 *************** function _MyStartI2C *****************
 Defined at:
		line 1258 in file "newmain.c"
 Parameters:    Size  Location     Type
		None
 Auto vars:     Size  Location     Type
		None
 Return value:  Size  Location     Type
                  1    wreg      void 
 Registers used:
		None
 Tracked objects:
		On entry : 
		On exit  : 
		Unchanged: 
 Data sizes:     COMRAM   BANK0   BANK1   BANK2   BANK3   BANK4   BANK5
      Params:         0       0       0       0       0       0       0
      Locals:         0       0       0       0       0       0       0
      Temps:          0       0       0       0       0       0       0
      Totals:         0       0       0       0       0       0       0
Total ram usage:        0 bytes
 Hardware stack levels used:    1
 This function calls:
		Nothing
 This function is called by:
		_main
		_write_display
		_read_switch
 This function uses a non-reentrant model


 *************** function _set_led *****************
 Defined at:
		line 1201 in file "newmain.c"
 Parameters:    Size  Location     Type
  i               1    wreg     unsigned char 
 Auto vars:     Size  Location     Type
  i               1   18[COMRAM] unsigned char 
  led             2   16[COMRAM] int 
  matrix          2   14[COMRAM] int 
 Return value:  Size  Location     Type
                  1    wreg      void 
 Registers used:
		wreg, fsr2l, fsr2h, status,2, status,0, tblptrl, tblptrh, tblptru, prodl, prodh, cstack
 Tracked objects:
		On entry : 
		On exit  : 
		Unchanged: 
 Data sizes:     COMRAM   BANK0   BANK1   BANK2   BANK3   BANK4   BANK5
      Params:         0       0       0       0       0       0       0
      Locals:         5       0       0       0       0       0       0
      Temps:          8       0       0       0       0       0       0
      Totals:        13       0       0       0       0       0       0
Total ram usage:       13 bytes
 Hardware stack levels used:    1
 Hardware stack levels required when called:    1
 This function calls:
		___wmul
 This function is called by:
		_main
		_animation0
		_animation1
		_animation2
		_animation3
		_animation4
		_animation5
		_animation6
		_animation7
 This function uses a non-reentrant model


 *************** function _clr_led *****************
 Defined at:
		line 1195 in file "newmain.c"
 Parameters:    Size  Location     Type
  i               1    wreg     unsigned char 
 Auto vars:     Size  Location     Type
  i               1   20[COMRAM] unsigned char 
  led             2   18[COMRAM] int 
  matrix          2   16[COMRAM] int 
 Return value:  Size  Location     Type
                  1    wreg      void 
 Registers used:
		wreg, fsr2l, fsr2h, status,2, status,0, tblptrl, tblptrh, tblptru, prodl, prodh, cstack
 Tracked objects:
		On entry : 
		On exit  : 
		Unchanged: 
 Data sizes:     COMRAM   BANK0   BANK1   BANK2   BANK3   BANK4   BANK5
      Params:         0       0       0       0       0       0       0
      Locals:         5       0       0       0       0       0       0
      Temps:         10       0       0       0       0       0       0
      Totals:        15       0       0       0       0       0       0
Total ram usage:       15 bytes
 Hardware stack levels used:    1
 Hardware stack levels required when called:    1
 This function calls:
		___wmul
 This function is called by:
		_main
		_animation0
		_animation1
		_animation2
		_animation3
		_animation4
		_animation5
		_animation6
		_animation7
 This function uses a non-reentrant model


 *************** function ___wmul *****************
 Defined at:
		line 15 in file "C:\Program Files (x86)\Microchip\xc8\v1.44\sources\common\Umul16.c"
 Parameters:    Size  Location     Type
  multiplier      2    0[COMRAM] unsigned int 
  multiplicand    2    2[COMRAM] unsigned int 
 Auto vars:     Size  Location     Type
  product         2    4[COMRAM] unsigned int 
 Return value:  Size  Location     Type
                  2    0[COMRAM] unsigned int 
 Registers used:
		wreg, status,2, status,0, prodl, prodh
 Tracked objects:
		On entry : 
		On exit  : 
		Unchanged: 
 Data sizes:     COMRAM   BANK0   BANK1   BANK2   BANK3   BANK4   BANK5
      Params:         4       0       0       0       0       0       0
      Locals:         2       0       0       0       0       0       0
      Temps:          0       0       0       0       0       0       0
      Totals:         6       0       0       0       0       0       0
Total ram usage:        6 bytes
 Hardware stack levels used:    1
 This function calls:
		Nothing
 This function is called by:
		_main
		_animation2
		_animation3
		_animation7
		_write_display
		_clr_led
		_set_led
		_is_key_pressed
		_was_key_pressed
		_read_switch
		_is_led
 This function uses a non-reentrant model


 *************** function _Myusartinit *****************
 Defined at:
		line 605 in file "newmain.c"
 Parameters:    Size  Location     Type
		None
 Auto vars:     Size  Location     Type
		None
 Return value:  Size  Location     Type
                  1    wreg      void 
 Registers used:
		wreg, status,2
 Tracked objects:
		On entry : 
		On exit  : 
		Unchanged: 
 Data sizes:     COMRAM   BANK0   BANK1   BANK2   BANK3   BANK4   BANK5
      Params:         0       0       0       0       0       0       0
      Locals:         0       0       0       0       0       0       0
      Temps:          0       0       0       0       0       0       0
      Totals:         0       0       0       0       0       0       0
Total ram usage:        0 bytes
 Hardware stack levels used:    1
 This function calls:
		Nothing
 This function is called by:
		_main
 This function uses a non-reentrant model


 *************** function _MyOpenI2C *****************
 Defined at:
		line 1315 in file "newmain.c"
 Parameters:    Size  Location     Type
  sync_mode       1    wreg     unsigned char 
  slew            1    0[COMRAM] unsigned char 
 Auto vars:     Size  Location     Type
  sync_mode       1    1[COMRAM] unsigned char 
 Return value:  Size  Location     Type
                  1    wreg      void 
 Registers used:
		wreg, status,2, status,0
 Tracked objects:
		On entry : 
		On exit  : 
		Unchanged: 
 Data sizes:     COMRAM   BANK0   BANK1   BANK2   BANK3   BANK4   BANK5
      Params:         1       0       0       0       0       0       0
      Locals:         1       0       0       0       0       0       0
      Temps:          0       0       0       0       0       0       0
      Totals:         2       0       0       0       0       0       0
Total ram usage:        2 bytes
 Hardware stack levels used:    1
 This function calls:
		Nothing
 This function is called by:
		_main
 This function uses a non-reentrant model


 *************** function _MyCloseI2C *****************
 Defined at:
		line 1266 in file "newmain.c"
 Parameters:    Size  Location     Type
		None
 Auto vars:     Size  Location     Type
		None
 Return value:  Size  Location     Type
                  1    wreg      void 
 Registers used:
		status,2, status,0
 Tracked objects:
		On entry : 
		On exit  : 
		Unchanged: 
 Data sizes:     COMRAM   BANK0   BANK1   BANK2   BANK3   BANK4   BANK5
      Params:         0       0       0       0       0       0       0
      Locals:         0       0       0       0       0       0       0
      Temps:          0       0       0       0       0       0       0
      Totals:         0       0       0       0       0       0       0
Total ram usage:        0 bytes
 Hardware stack levels used:    1
 This function calls:
		Nothing
 This function is called by:
		_main
 This function uses a non-reentrant model



MODULE INFORMATION

Module		Function		Class		Link	Load	Size
newmain.c
		_MyReadI2C     		CODE           	4686	0000	29
		_read_switch   		CODE           	4DAC	0000	487
		_Myusartinit   		CODE           	4672	0000	21
		_animation0    		CODE           	5574	0000	987
		_animation1    		CODE           	4C48	0000	357
		_animation2    		CODE           	62AC	0000	1789
		_animation3    		CODE           	69A8	0000	1901
		_animation4    		CODE           	594E	0000	1133
		_animation5    		CODE           	5264	0000	785
		_animation6    		CODE           	4F92	0000	723
		_animation7    		CODE           	5DBA	0000	1267
		_write_display 		CODE           	4B14	0000	309
		_main          		CODE           	7114	0000	2201
		_MygetsI2C     		CODE           	47C0	0000	79
		_send_note     		CODE           	46C0	0000	35
		_was_key_pressed		CODE           	490E	0000	163
		_MyWriteI2C    		CODE           	480E	0000	95
		_is_key_pressed		CODE           	486C	0000	163
		_clr_led       		CODE           	4A5E	0000	183
		_write         		CODE           	4708	0000	47
		_set_led       		CODE           	49B0	0000	175
		_MyStartI2C    		CODE           	4652	0000	5
		_MyIdleI2C     		CODE           	4660	0000	19
		_MyCloseI2C    		CODE           	464E	0000	5
		_MyNotAckI2C   		CODE           	465A	0000	7
		_MyStopI2C     		CODE           	4656	0000	5
		_MyOpenI2C     		CODE           	46A2	0000	31

newmain.c estimated size: 13001

C:\Program Files (x86)\Microchip\xc8\v1.44\sources\common\memcpy.c
		_memcpy        		CODE           	4736	0000	69

C:\Program Files (x86)\Microchip\xc8\v1.44\sources\common\memcpy.c estimated size: 69

C:\Program Files (x86)\Microchip\xc8\v1.44\sources\common\Umul16.c
		___wmul        		CODE           	46E2	0000	39

C:\Program Files (x86)\Microchip\xc8\v1.44\sources\common\Umul16.c estimated size: 39

shared
		_i2xy64        		MEDIUMCONST    	7DF9	0000	65
		_horizental_flash		MEDIUMCONST    	7FB3	0000	25
		_drum_midi     		MEDIUMCONST    	7DB9	0000	65
		_show3_3       		MEDIUMCONST    	7FCB	0000	21
		_show7_2       		MEDIUMCONST    	7AAD	0000	169
		_circle        		MEDIUMCONST    	7C41	0000	105
		_show0_1       		MEDIUMCONST    	7F8B	0000	41
		_show4_3       		MEDIUMCONST    	7CA9	0000	97
		_Buttons       		MEDIUMCONST    	7EF9	0000	65
		_show3_2       		MEDIUMCONST    	7F39	0000	43
		_show7_1       		MEDIUMCONST    	7BCD	0000	117
		_arrow         		MEDIUMCONST    	79AD	0000	257
		__initialization		CODE           	477A	0000	61
		_show0_3       		MEDIUMCONST    	7B55	0000	121
		_show4_2       		MEDIUMCONST    	7D09	0000	97
		_show5         		MEDIUMCONST    	7E39	0000	65
		_show3_1       		MEDIUMCONST    	7D69	0000	81
		_ledLUT        		MEDIUMCONST    	7FEF	0000	17
		_buttonLUT     		MEDIUMCONST    	7FDF	0000	17
		_show0_2       		MEDIUMCONST    	7F63	0000	41
		_show4_1       		MEDIUMCONST    	7EB9	0000	65
		_show4_4       		MEDIUMCONST    	7E79	0000	65

shared estimated size: 1700

